Archive member included to satisfy reference by file (symbol)

build\openmote-cc2538_armgcc\openstack\libopenstack.a(openstack.o)
                              build\openmote-cc2538_armgcc\projects\common\03oos_openwsn\03oos_openwsn.o (openstack_init)
build\openmote-cc2538_armgcc\openstack\libopenstack.a(IEEE802154E.o)
                              build\openmote-cc2538_armgcc\openstack\libopenstack.a(openstack.o) (ieee154e_init)
build\openmote-cc2538_armgcc\openstack\libopenstack.a(IEEE802154_security.o)
                              build\openmote-cc2538_armgcc\openstack\libopenstack.a(IEEE802154E.o) (IEEE802154_security_init)
build\openmote-cc2538_armgcc\openstack\libopenstack.a(neighbors.o)
                              build\openmote-cc2538_armgcc\openstack\libopenstack.a(openstack.o) (neighbors_init)
build\openmote-cc2538_armgcc\openstack\libopenstack.a(msf.o)
                              build\openmote-cc2538_armgcc\openstack\libopenstack.a(openstack.o) (msf_init)
build\openmote-cc2538_armgcc\openstack\libopenstack.a(schedule.o)
                              build\openmote-cc2538_armgcc\openstack\libopenstack.a(openstack.o) (schedule_init)
build\openmote-cc2538_armgcc\openstack\libopenstack.a(sixtop.o)
                              build\openmote-cc2538_armgcc\openstack\libopenstack.a(openstack.o) (sixtop_init)
build\openmote-cc2538_armgcc\openstack\libopenstack.a(iphc.o)
                              build\openmote-cc2538_armgcc\openstack\libopenstack.a(openstack.o) (iphc_init)
build\openmote-cc2538_armgcc\openstack\libopenstack.a(openbridge.o)
                              build\openmote-cc2538_armgcc\openstack\libopenstack.a(openstack.o) (openbridge_init)
build\openmote-cc2538_armgcc\openstack\libopenstack.a(forwarding.o)
                              build\openmote-cc2538_armgcc\openstack\libopenstack.a(openstack.o) (forwarding_init)
build\openmote-cc2538_armgcc\openstack\libopenstack.a(icmpv6.o)
                              build\openmote-cc2538_armgcc\openstack\libopenstack.a(openstack.o) (icmpv6_init)
build\openmote-cc2538_armgcc\openstack\libopenstack.a(icmpv6echo.o)
                              build\openmote-cc2538_armgcc\openstack\libopenstack.a(openstack.o) (icmpv6echo_init)
build\openmote-cc2538_armgcc\openstack\libopenstack.a(icmpv6rpl.o)
                              build\openmote-cc2538_armgcc\openstack\libopenstack.a(openstack.o) (icmpv6rpl_init)
build\openmote-cc2538_armgcc\openstack\libopenstack.a(openudp.o)
                              build\openmote-cc2538_armgcc\openstack\libopenstack.a(openstack.o) (openudp_init)
build\openmote-cc2538_armgcc\openstack\libopenstack.a(idmanager.o)
                              build\openmote-cc2538_armgcc\openstack\libopenstack.a(openstack.o) (idmanager_init)
build\openmote-cc2538_armgcc\openstack\libopenstack.a(openqueue.o)
                              build\openmote-cc2538_armgcc\openstack\libopenstack.a(openstack.o) (openqueue_init)
build\openmote-cc2538_armgcc\openstack\libopenstack.a(openrandom.o)
                              build\openmote-cc2538_armgcc\openstack\libopenstack.a(openstack.o) (openrandom_init)
build\openmote-cc2538_armgcc\openstack\libopenstack.a(packetfunctions.o)
                              build\openmote-cc2538_armgcc\openstack\libopenstack.a(neighbors.o) (packetfunctions_ip128bToMac64b)
build\openmote-cc2538_armgcc\openstack\libopenstack.a(IEEE802154.o)
                              build\openmote-cc2538_armgcc\openstack\libopenstack.a(IEEE802154E.o) (ieee802154_prependHeader)
build\openmote-cc2538_armgcc\openstack\libopenstack.a(topology.o)
                              build\openmote-cc2538_armgcc\openstack\libopenstack.a(IEEE802154.o) (topology_isAcceptablePacket)
build\openmote-cc2538_armgcc\openapps\libopenapps.a(openapps_dyn.o)
                              build\openmote-cc2538_armgcc\openstack\libopenstack.a(openstack.o) (openapps_init)
build\openmote-cc2538_armgcc\openapps\libopenapps.a(opencoap.o)
                              build\openmote-cc2538_armgcc\openapps\libopenapps.a(openapps_dyn.o) (opencoap_init)
build\openmote-cc2538_armgcc\openapps\libopenapps.a(hwan.o)
                              build\openmote-cc2538_armgcc\openapps\libopenapps.a(openapps_dyn.o) (hwan_init)
build\openmote-cc2538_armgcc\openapps\libopenapps.a(openoscoap.o)
                              build\openmote-cc2538_armgcc\openapps\libopenapps.a(opencoap.o) (openoscoap_protect_message)
build\openmote-cc2538_armgcc\openapps\libopenapps.a(hkdf.o)
                              build\openmote-cc2538_armgcc\openapps\libopenapps.a(openoscoap.o) (hkdf)
build\openmote-cc2538_armgcc\openapps\libopenapps.a(hmac.o)
                              build\openmote-cc2538_armgcc\openapps\libopenapps.a(hkdf.o) (hmac)
build\openmote-cc2538_armgcc\openapps\libopenapps.a(cborencoder.o)
                              build\openmote-cc2538_armgcc\openapps\libopenapps.a(openoscoap.o) (cborencoder_put_text)
[...]
Memory Configuration

Name             Origin             Length             Attributes
FLASH            0x00200000         0x0003ffd4         xr
FLASH_CCA        0x0023ffd4         0x0000000c         xr
SRAM             0x20004000         0x00004000         xrw
*default*        0x00000000         0xffffffff

Linker script and memory map

LOAD build\openmote-cc2538_armgcc\projects\common\03oos_openwsn\03oos_openwsn.o
LOAD build\openmote-cc2538_armgcc\openstack\libopenstack.a
LOAD build\openmote-cc2538_armgcc\openapps\libopenapps.a
LOAD build\openmote-cc2538_armgcc\openstack\libopenstack.a
LOAD build\openmote-cc2538_armgcc\kernel\openos\libkernel.a
LOAD build\openmote-cc2538_armgcc\drivers\libdrivers.a
LOAD build\openmote-cc2538_armgcc\bsp\boards\libbsp.a
START GROUP
LOAD c:/program files (x86)/gnu tools arm embedded/7 2018-q2-update/bin/../lib/gcc/arm-none-eabi/7.3.1/thumb/v7-m\libgcc.a
LOAD c:/program files (x86)/gnu tools arm embedded/7 2018-q2-update/bin/../lib/gcc/arm-none-eabi/7.3.1/../../../../arm-none-eabi/lib/thumb/v7-m\libg.a
LOAD c:/program files (x86)/gnu tools arm embedded/7 2018-q2-update/bin/../lib/gcc/arm-none-eabi/7.3.1/../../../../arm-none-eabi/lib/thumb/v7-m\libc.a
END GROUP

.text           0x00200000    0x1c847
                0x00200000                _text = .
 *(.vectors)
 .vectors       0x00200000      0x28c build\openmote-cc2538_armgcc\bsp\boards\libbsp.a(startup_gcc.o)
                0x00200000                gVectors
 *(.text*)
 .text          0x0020028c       0x1a build\openmote-cc2538_armgcc\projects\common\03oos_openwsn\03oos_openwsn.o
                0x0020028c                mote_main
 .text          0x002002a6       0x5c build\openmote-cc2538_armgcc\openstack\libopenstack.a(openstack.o)
                0x002002a6                openstack_init
 *fill*         0x00200302        0x2 00000000
 .text          0x00200304     0x2e4c build\openmote-cc2538_armgcc\openstack\libopenstack.a(IEEE802154E.o)
                0x00200304                ieee154e_init
                0x002003f8                ieee154e_asnDiff
                0x002004a4                ieee154e_computeAsnDiff
                0x00200544                ieee154e_calculateExpTime
                0x00200608                ieee154e_orderToASNStructure
                0x0020065e                isr_ieee154e_newSlot
                0x002006f0                isr_ieee154e_timer
                0x00200818                isr_ieee154e_inhibitStart
                0x0020082e                ieee154e_startOfFrame
                0x00200904                ieee154e_endOfFrame
                0x002009d8                debugPrint_asn
                0x00200a18                debugPrint_isSync
                0x00200a44                debugPrint_macStats
                0x00200a5c                activity_synchronize_newSlot
                0x00200bb4                activity_synchronize_startOfFrame
                0x00200bf0                activity_synchronize_endOfFrame
                0x00200eb4                ieee154e_processIEs
                0x00200f44                activity_ti1ORri1
                0x0020136c                activity_ti2
                0x00201418                activity_tie1
                0x0020143c                activity_ti3
                0x0020147c                activity_tie2
                0x002014a0                activity_ti4
                0x00201508                activity_tie3
                0x0020152c                activity_ti5
                0x002015fc                activity_ti6
                0x00201660                activity_tie4
                0x00201684                activity_ti7
                0x002016c4                activity_tie5
                0x00201720                activity_ti8
                0x00201788                activity_tie6
                0x002017ac                activity_ti9
                0x00201a24                activity_ri2
                0x00201a88                activity_rie1
                0x00201aac                activity_ri3
                0x00201aec                activity_rie2
                0x00201af8                activity_ri4
                0x00201b68                activity_rie3
                0x00201b8c                activity_ri5
                0x00201f50                activity_ri6
                0x002020fc                activity_rie4
                0x00202120                activity_ri7
                0x00202160                activity_rie5
                0x00202184                activity_ri8
                0x002021ec                activity_rie6
                0x00202210                activity_ri9
                0x002022c0                isValidRxFrame
                0x00202330                isValidAck
                0x002023a2                incrementAsnOffset
                0x00202450                ieee154e_resetAsn
                0x00202488                ieee154e_getAsn
                0x002024f0                ieee154e_getTimeCorrection
                0x00202510                joinPriorityStoreFromEB
                0x00202540                isValidJoin
                0x002025f0                isValidEbFormat
                0x00202986                asnStoreFromEB
                0x002029e0                ieee154e_syncSlotOffset
                0x00202abc                ieee154e_setIsAckEnabled
                0x00202adc                ieee154e_setSingleChannel
                0x00202b18                ieee154e_setIsSecurityEnabled
                0x00202b38                ieee154e_setSlotDuration
                0x00202b58                ieee154e_getSlotDuration
                0x00202b70                timeslotTemplateIDStoreFromEB
                0x00202b90                channelhoppingTemplateIDStoreFromEB
                0x00202bb0                synchronizePacket
                0x00202c78                synchronizeAck
                0x00202d04                changeIsSync
                0x00202d3c                notif_sendDone
                0x00202d7c                notif_receive
                0x00202dbc                resetStats
                0x00202e1c                updateStats
                0x00202e64                calculateFrequency
                0x00202eb4                changeState
                0x00202f60                endSlot
                0x0020313c                ieee154e_isSynch
 .text          0x00203150      0x1d4 build\openmote-cc2538_armgcc\openstack\libopenstack.a(IEEE802154_security.o)
                0x00203150                IEEE802154_security_init
                0x00203190                IEEE802154_security_getBeaconKeyIndex
                0x002031a4                IEEE802154_security_getDataKeyIndex
                0x002031b8                IEEE802154_security_setBeaconKey
                0x002031f0                IEEE802154_security_setDataKey
                0x00203228                IEEE802154_security_isConfigured
                0x00203260                IEEE802154_security_setDynamicKeying
                0x00203278                IEEE802154_security_prependAuxiliarySecurityHeader
                0x0020328a                IEEE802154_security_retrieveAuxiliarySecurityHeader
                0x0020329e                IEEE802154_security_outgoingFrameSecurity
                0x002032b2                IEEE802154_security_incomingFrame
                0x002032c6                IEEE802154_security_authLengthChecking
                0x002032dc                IEEE802154_security_auxLengthChecking
                0x002032fa                IEEE802154_security_getSecurityLevel
                0x0020330e                IEEE802154_security_acceptableLevel
 .text          0x00203324     0x146c build\openmote-cc2538_armgcc\openstack\libopenstack.a(neighbors.o)
                0x00203324                neighbors_init
                0x0020333c                neighbors_getNumNeighbors
                0x00203384                neighbors_getNeighborRank
                0x002033b0                neighbors_getRssi
                0x002033dc                neighbors_getNumTx
                0x00203408                neighbors_getKANeighbor
                0x00203480                neighbors_getJoinProxy
                0x0020357c                neighbors_getNeighborNoResource
                0x002035a8                neighbors_getNeighborIsInBlacklist
                0x002035d4                neighbors_getSequenceNumber
                0x00203630                neighbors_isStableNeighbor
                0x002036d0                neighbors_isStableNeighborByIndex
                0x00203720                neighbors_isInsecureNeighbor
                0x00203790                neighbors_isNeighborWithHigherDAGrank
                0x002037e4                neighbors_reachedMinimalTransmission
                0x00203834                neighbors_indicateRx
                0x00203a94                neighbors_indicateTx
                0x00203c40                neighbors_updateSequenceNumber
                0x00203ce0                neighbors_resetSequenceNumber
                0x00203d3c                neighbors_getNeighborEui64
                0x00203dac                neighbors_updateBackoff
                0x00203e74                neighbors_decreaseBackoff
                0x00203efc                neighbors_backoffHitZero
                0x00203f64                neighbors_resetBackoff
                0x00203fd4                neighbors_setNeighborRank
                0x00204008                neighbors_setNeighborNoResource
                0x00204058                neighbors_setPreferredParent
                0x0020408c                neighbor_removeAutonomousTxRxCellUnicast
                0x002040e6                neighbor_removeAllAutonomousTxRxCellUnicast
                0x002040f2                neighbors_getLinkMetric
                0x0020420c                neighbors_removeOld
                0x002042f8                debugPrint_neighbors
                0x0020438c                registerNewNeighbor
                0x00204574                isNeighbor
                0x002045b0                removeNeighbor
                0x0020471c                isThisRowMatching
 .text          0x00204790      0x8f0 build\openmote-cc2538_armgcc\openstack\libopenstack.a(msf.o)
                0x00204790                msf_init
                0x00204894                msf_updateCellsPassed
                0x00204904                msf_updateCellsUsed
                0x00204938                msf_trigger6pClear
                0x00204974                msf_getsfid
                0x00204982                msf_getMetadata
                0x00204990                msf_translateMetadata
                0x0020499e                msf_handleRCError
                0x00204a28                msf_timer_waitretry_cb
                0x00204a48                msf_timer_housekeeping_cb
                0x00204a84                msf_timer_housekeeping_task
                0x00204a90                msf_timer_clear_task
                0x00204ad8                msf_trigger6pAdd
                0x00204b68                msf_trigger6pDelete
                0x00204c10                msf_appPktPeriod
                0x00204c30                msf_candidateAddCellList
                0x00204ce6                msf_candidateRemoveCellList
                0x00204db0                msf_housekeeping
                0x00204ffc                msf_hashFunction_getSlotoffset
                0x00205030                msf_hashFunction_getChanneloffset
                0x0020504e                msf_setHashCollisionFlag
                0x0020506c                msf_getHashCollisionFlag
 .text          0x00205080     0x11f0 build\openmote-cc2538_armgcc\openstack\libopenstack.a(schedule.o)
                0x00205080                schedule_init
                0x002050e4                schedule_startDAGroot
                0x0020514c                debugPrint_schedule
                0x0020529c                debugPrint_backoff
                0x002052cc                schedule_setFrameLength
                0x00205300                schedule_setFrameHandle
                0x00205328                schedule_setFrameNumber
                0x00205350                schedule_getSlotInfo
                0x002053e4                schedule_addActiveSlot
                0x0020559c                schedule_removeActiveSlot
                0x0020568c                schedule_isSlotOffsetAvailable
                0x002056ec                schedule_removeAllManagedUnicastCellsToNeighbor
                0x00205778                schedule_removeAllAutonomousTxRxCellUnicast
                0x0020580c                schedule_getNumberOfFreeEntries
                0x0020585c                schedule_getNumberOfManagedTxCells
                0x002058e8                schedule_isNumTxWrapped
                0x00205960                schedule_getCellsToBeRelocated
                0x00205ad8                schedule_hasAutonomousTxRxCellUnicast
                0x00205b70                schedule_getAutonomousTxRxCellUnicastNeighbor
                0x00205c24                schedule_hasManagedTxCellToNeighbor
                0x00205cc4                schedule_hasNonParentAutonomousTxRxCellUnicast
                0x00205d80                schedule_getAutonomousTxRxCellAnycast
                0x00205e14                schedule_syncSlotOffset
                0x00205e48                schedule_advanceSlot
                0x00205e6c                schedule_getNextActiveSlotOffset
                0x00205e94                schedule_getFrameLength
                0x00205eb8                schedule_getType
                0x00205ee0                schedule_getShared
                0x00205f08                schedule_getNeighbor
                0x00205f38                schedule_getChannelOffset
                0x00205f60                schedule_getOkToSend
                0x00205ff0                schedule_resetBackoff
                0x00206014                schedule_indicateRx
                0x00206050                schedule_indicateTx
                0x00206178                schedule_getOneCellAfterOffset
                0x00206208                schedule_resetEntry
 .text          0x00206270     0x2548 build\openmote-cc2538_armgcc\openstack\libopenstack.a(sixtop.o)
                0x00206270                sixtop_init
                0x00206320                sixtop_setKaPeriod
                0x00206350                sixtop_setEBPeriod
                0x00206378                sixtop_setSFcallback
                0x002063ac                sixtop_request
                0x00206800                sixtop_send
                0x002068da                task_sixtopNotifSendDone
                0x002069a0                task_sixtopNotifReceive
                0x00206aa6                debugPrint_myDAGrank
                0x00206ace                debugPrint_kaPeriod
                0x00206af4                sixtop_setIsResponseEnabled
                0x00206b14                sixtop_send_internal
                0x00206b94                sixtop_sendingEb_timer_cb
                0x00206baa                sixtop_maintenance_timer_cb
                0x00206bc0                sixtop_timeout_timer_cb
                0x00206bd6                timer_sixtop_sendEb_fired
                0x00206bf2                timer_sixtop_management_fired
                0x00206c3c                sixtop_sendEB
                0x00206e2c                sixtop_sendKA
                0x00206f14                timer_sixtop_six2six_timeout_fired
                0x00206f60                sixtop_six2six_sendDone
                0x00207120                sixtop_processIEs
                0x00207294                sixtop_six2six_notifyReceive
                0x0020842c                sixtop_addCells
                0x00208510                sixtop_removeCells
                0x002085a0                sixtop_areAvailableCellsToBeScheduled
                0x00208650                sixtop_areAvailableCellsToBeRemoved
 .text          0x002087b8     0x1afc build\openmote-cc2538_armgcc\openstack\libopenstack.a(iphc.o)
                0x002087b8                iphc_init
                0x002087c4                iphc_sendFromForwarding
                0x00208aa4                iphc_sendFromBridge
                0x00208ae2                iphc_sendDone
                0x00208b1a                iphc_receive
                0x00208c22                iphc_prependIPv6Header
                0x00208fe8                iphc_retrieveIPv6Header
                0x00209500                iphc_retrieveIphcHeader
                0x00209c44                iphc_prependIPv6HopByHopHeader
                0x00209cfa                iphc_prependIPv6DeadlineHeader
                0x00209ef2                iphc_retrieveIPv6HopByHopHeader
                0x00209fee                iphc_retrieveIPv6DeadlineHeader
                0x0020a24c                iphc_getDeadlineInfo
                0x0020a27c                iphc_getAsnLen
 .text          0x0020a2b4      0x194 build\openmote-cc2538_armgcc\openstack\libopenstack.a(openbridge.o)
                0x0020a2b4                openbridge_init
                0x0020a2c0                openbridge_triggerData
                0x0020a3b6                openbridge_sendDone
                0x0020a3ea                openbridge_receive
 .text          0x0020a448      0xea0 build\openmote-cc2538_armgcc\openstack\libopenstack.a(forwarding.o)
                0x0020a448                forwarding_init
                0x0020a454                forwarding_send
                0x0020a740                forwarding_sendDone
                0x0020a7ae                forwarding_receive
                0x0020a9ca                forwarding_getNextHop
                0x0020aa12                forwarding_send_internal_RoutingTable
                0x0020aae0                forwarding_send_internal_SourceRouting
                0x0020b250                forwarding_createRplOption
                0x0020b2d0                forwarding_createDeadlineOption
 .text          0x0020b2e8       0xe4 build\openmote-cc2538_armgcc\openstack\libopenstack.a(icmpv6.o)
                0x0020b2e8                icmpv6_init
                0x0020b2f4                icmpv6_send
                0x0020b318                icmpv6_sendDone
                0x0020b372                icmpv6_receive
 .text          0x0020b3cc      0x2bc build\openmote-cc2538_armgcc\openstack\libopenstack.a(icmpv6echo.o)
                0x0020b3cc                icmpv6echo_init
                0x0020b3f0                icmpv6echo_trigger
                0x0020b508                icmpv6echo_sendDone
                0x0020b548                icmpv6echo_receive
                0x0020b668                icmpv6echo_setIsReplyEnabled
 .text          0x0020b688     0x1188 build\openmote-cc2538_armgcc\openstack\libopenstack.a(icmpv6rpl.o)
                0x0020b688                icmpv6rpl_init
                0x0020b95c                icmpv6rpl_writeDODAGid
                0x0020b994                icmpv6rpl_getRPLIntanceID
                0x0020b9ac                icmpv6rpl_getRPLDODAGid
                0x0020b9e8                icmpv6rpl_sendDone
                0x0020ba40                icmpv6rpl_receive
                0x0020bac6                icmpv6rpl_getPreferredParentIndex
                0x0020baec                icmpv6rpl_getPreferredParentEui64
                0x0020bb50                icmpv6rpl_isPreferredParent
                0x0020bbb4                icmpv6rpl_getMyDAGrank
                0x0020bbcc                icmpv6rpl_setMyDAGrank
                0x0020bbec                icmpv6rpl_updateMyDAGrankAndParentSelection
                0x0020be6c                icmpv6rpl_updateNexthopAddress
                0x0020be82                icmpv6rpl_indicateRxDIO
                0x0020c18c                icmpv6rpl_killPreferredParent
                0x0020c1c0                icmpv6rpl_timer_DIO_cb
                0x0020c1d6                icmpv6rpl_timer_DIO_task
                0x0020c1f2                sendDIO
                0x0020c49c                icmpv6rpl_timer_DAO_cb
                0x0020c4b2                icmpv6rpl_timer_DAO_task
                0x0020c4ce                sendDAO
                0x0020c790                icmpv6rpl_setDIOPeriod
                0x0020c7c0                icmpv6rpl_setDAOPeriod
                0x0020c7f0                icmpv6rpl_daoSent
 .text          0x0020c810      0x4f8 build\openmote-cc2538_armgcc\openstack\libopenstack.a(openudp.o)
                0x0020c810                openudp_init
                0x0020c828                openudp_register
                0x0020c84c                openudp_send
                0x0020ca4e                openudp_sendDone
                0x0020cacc                openudp_receive
                0x0020ccc8                openudp_debugPrint
 .text          0x0020cd08      0x558 build\openmote-cc2538_armgcc\openstack\libopenstack.a(idmanager.o)
                0x0020cd08                idmanager_init
                0x0020cda8                idmanager_getIsDAGroot
                0x0020cdcc                idmanager_setIsDAGroot
                0x0020cdf8                idmanager_getIsSlotSkip
                0x0020ce1c                idmanager_getMyID
                0x0020ce98                idmanager_setMyID
                0x0020cf64                idmanager_isMyAddress
                0x0020d054                idmanager_triggerAboutRoot
                0x0020d158                idmanager_setJoinKey
                0x0020d184                idmanager_getJoinKey
                0x0020d1a0                idmanager_setJoinAsn
                0x0020d1c4                debugPrint_id
                0x0020d220                debugPrint_joined
 .text          0x0020d260      0xc0c build\openmote-cc2538_armgcc\openstack\libopenstack.a(openqueue.o)
                0x0020d260                openqueue_init
                0x0020d298                debugPrint_queue
                0x0020d308                openqueue_getFreePacketBuffer
                0x0020d3c8                openqueue_freePacketBuffer
                0x0020d458                openqueue_removeAllCreatedBy
                0x0020d4c8                openqueue_sixtopGetSentPacket
                0x0020d534                openqueue_sixtopGetReceivedPacket
                0x0020d5a0                openqueue_getNum6PReq
                0x0020d63c                openqueue_getNum6PResp
                0x0020d6b4                openqueue_remove6PrequestToNeighbor
                0x0020d758                openqueue_macGet6PResponseAndDownStreamPacket
                0x0020d888                openqueue_macGet6PRequestOnAnycast
                0x0020d93c                openqueue_isHighPriorityEntryEnough
                0x0020d998                openqueue_macGetEBPacket
                0x0020da24                openqueue_macGetKaPacket
                0x0020dabc                openqueue_macGetDIOPacket
                0x0020db48                openqueue_updateNextHopPayload
                0x0020dc38                openqueue_macGetNonJoinIPv6Packet
                0x0020dd20                openqueue_macGet6PandJoinPacket
                0x0020ddd4                openqueue_reset_entry
 .text          0x0020de6c      0x124 build\openmote-cc2538_armgcc\openstack\libopenstack.a(openrandom.o)
                0x0020de6c                openrandom_init
                0x0020deb0                openrandom_get16b
                0x0020df24                openrandom_getRandomizePeriod
 .text          0x0020df90      0xb68 build\openmote-cc2538_armgcc\openstack\libopenstack.a(packetfunctions.o)
                0x0020df90                packetfunctions_ip128bToMac64b
                0x0020dfee                packetfunctions_mac64bToIp128b
                0x0020e050                packetfunctions_mac64bToMac16b
                0x0020e096                packetfunctions_mac16bToMac64b
                0x0020e100                packetfunctions_isBroadcastMulticast
                0x0020e188                packetfunctions_isAllRoutersMulticast
                0x0020e228                packetfunctions_isAllHostsMulticast
                0x0020e2c8                packetfunctions_isLinkLocal
                0x0020e328                packetfunctions_sameAddress
                0x0020e3b6                packetfunctions_readAddress
                0x0020e462                packetfunctions_writeAddress
                0x0020e512                packetfunctions_reserveHeaderSize
                0x0020e55e                packetfunctions_tossHeader
                0x0020e5aa                packetfunctions_reserveFooterSize
                0x0020e5e6                packetfunctions_tossFooter
                0x0020e620                packetfunctions_duplicatePacket
                0x0020e6b4                packetfunctions_calculateCRC
                0x0020e750                packetfunctions_checkCRC
                0x0020e800                packetfunctions_calculateChecksum
                0x0020e954                onesComplementSum
                0x0020e9e4                packetfunctions_htons
                0x0020ea10                packetfunctions_ntohs
                0x0020ea38                packetfunctions_htonl
                0x0020ea78                packetfunctions_ntohl
                0x0020eaac                packetfunctions_reverseArrayByteOrder
 .text          0x0020eaf8      0x790 build\openmote-cc2538_armgcc\openstack\libopenstack.a(IEEE802154.o)
                0x0020eaf8                ieee802154_prependHeader
                0x0020ed94                ieee802154_retrieveHeader
 .text          0x0020f288       0x4e build\openmote-cc2538_armgcc\openstack\libopenstack.a(topology.o)
                0x0020f288                topology_isAcceptablePacket
 .text          0x0020f2d6       0x10 build\openmote-cc2538_armgcc\openapps\libopenapps.a(openapps_dyn.o)
                0x0020f2d6                openapps_init
 *fill*         0x0020f2e6        0x2 00000000
 .text          0x0020f2e8     0x1644 build\openmote-cc2538_armgcc\openapps\libopenapps.a(opencoap.o)
                0x0020f2e8                opencoap_init
                0x0020f35c                opencoap_receive
                0x0020fbe6                opencoap_sendDone
                0x0020fc5c                opencoap_writeLinks
                0x0020fd48                opencoap_register
                0x0020fd90                opencoap_send
                0x0020fed0                opencoap_get_option_class
                0x0020ff98                opencoap_options_encode
                0x002101c8                opencoap_find_option
                0x0021024c                opencoap_options_parse
                0x002103ca                opencoap_handle_proxy_scheme
                0x002105b0                opencoap_handle_stateless_proxy
                0x00210746                opencoap_header_encode
                0x002107cc                opencoap_add_stateless_proxy_option
                0x00210844                opencoap_forward_message
 .text          0x0021092c      0x1f0 build\openmote-cc2538_armgcc\openapps\libopenapps.a(hwan.o)
                0x0021092c                hwan_init
                0x0021099c                hwan_sendDone
                0x002109c0                hwan_receive
                0x002109e2                hwan_timer_cb
                0x002109f8                hwan_task_cb
 .text          0x00210b1c      0xc88 build\openmote-cc2538_armgcc\openapps\libopenapps.a(openoscoap.o)
                0x00210b1c                openoscoap_init_security_context
                0x00210c36                openoscoap_protect_message
                0x00210ea0                openoscoap_unprotect_message
                0x002110ea                openoscoap_get_sequence_number
                0x00211124                openoscoap_parse_compressed_COSE
                0x002111fc                hkdf_derive_parameter
                0x00211364                is_request
                0x00211396                openoscoap_construct_aad
                0x00211560                openoscoap_encode_compressed_COSE
                0x002115f8                xor_arrays
                0x00211640                flip_first_bit
                0x00211672                replay_window_check
                0x002116d0                replay_window_update
                0x00211768                openoscoap_convert_sequence_number
 .text          0x002117a4      0x47c build\openmote-cc2538_armgcc\openapps\libopenapps.a(hkdf.o)
                0x002117a4                hkdf
                0x00211806                hkdfExtract
                0x00211864                hkdfExpand
                0x00211a38                hkdfReset
                0x00211aa4                hkdfInput
                0x00211afe                hkdfFinalBits
                0x00211b5a                hkdfResult
 .text          0x00211c20      0x42a build\openmote-cc2538_armgcc\openapps\libopenapps.a(hmac.o)
                0x00211c20                hmac
                0x00211c96                hmacReset
                0x00211ea4                hmacInput
                0x00211f0a                hmacFinalBits
                0x00211f72                hmacResult
 .text          0x0021204a      0x1f2 build\openmote-cc2538_armgcc\openapps\libopenapps.a(cborencoder.o)
                0x0021204a                cborencoder_put_text
                0x002120c8                cborencoder_put_array
                0x00212104                cborencoder_put_bytes
                0x00212182                cborencoder_put_unsigned
                0x002121d8                cborencoder_put_null
                0x00212200                cborencoder_put_map
 .text          0x0021223c      0x16c build\openmote-cc2538_armgcc\openapps\libopenapps.a(usha.o)
                0x0021223c                USHAReset
                0x00212276                USHAInput
                0x002122b0                USHAFinalBits
                0x002122ec                USHAResult
                0x00212322                USHABlockSize
                0x00212342                USHAHashSize
                0x00212362                USHAHashSizeBits
                0x00212384                USHAHashName
 .text          0x002123a8      0x824 build\openmote-cc2538_armgcc\openapps\libopenapps.a(sha224-256.o)
                0x002123a8                SHA224Reset
                0x002123c8                SHA224Input
                0x002123e8                SHA224FinalBits
                0x0021240c                SHA224Result
                0x0021242a                SHA256Reset
                0x00212448                SHA256Input
                0x0021252c                SHA256FinalBits
                0x002125fc                SHA256Result
 .text          0x00212bcc      0x13c build\openmote-cc2538_armgcc\kernel\openos\libkernel.a(scheduler.o)
                0x00212bcc                scheduler_init
                0x00212bf0                scheduler_start
                0x00212c50                scheduler_push_task
 .text          0x00212d08     0x12d8 build\openmote-cc2538_armgcc\drivers\libdrivers.a(openserial.o)
                0x00212d08                openserial_init
                0x00212db0                openserial_register
                0x00212dcc                openserial_printStatus
                0x00212e42                openserial_printInfo
                0x00212e7c                openserial_printError
                0x00212eba                openserial_printCritical
                0x00212f1c                openserial_printData
                0x00212fb8                openserial_printSniffedPacket
                0x0021302e                openserial_print_uint32_t
                0x00213080                openserial_print_str
                0x0021311e                task_openserial_debugPrint
                0x00213258                openserial_getInputBufferFillLevel
                0x00213280                openserial_getInputBuffer
                0x002132ec                openserial_flush
                0x00213378                openserial_inhibitStart
                0x00213394                openserial_inhibitStop
                0x002133b8                debugPrint_outBufferIndexes
                0x002133f0                openserial_printInfoErrorCritical
                0x0021348c                openserial_handleRxFrame
                0x00213544                openserial_handleEcho
                0x00213562                openserial_get6pInfo
                0x00213850                openserial_handleCommands
                0x00213c20                openserial_debugPrint_timer_cb
                0x00213c36                openserial_board_reset_cb
                0x00213c4c                outputHdlcOpen
                0x00213c88                outputHdlcWrite
                0x00213d10                outputHdlcClose
                0x00213d6c                inputHdlcOpen
                0x00213d90                inputHdlcWrite
                0x00213e0c                inputHdlcClose
                0x00213e44                task_printInputBufferOverflow
                0x00213e58                task_printWrongCRCInput
                0x00213e6c                isr_openserial_tx
                0x00213efc                isr_openserial_rx
 .text          0x00213fe0      0xb20 build\openmote-cc2538_armgcc\drivers\libdrivers.a(opentimers.o)
                0x00213fe0                opentimers_init
                0x00214004                opentimers_create
                0x002140cc                opentimers_scheduleIn
                0x00214338                opentimers_scheduleAbsolute
                0x00214598                opentimers_updateDuration
                0x002145cc                opentimers_cancel
                0x00214614                opentimers_destroy
                0x00214650                opentimers_getValue
                0x0021465e                opentimers_getCurrentCompareValue
                0x00214674                opentimers_isRunning
                0x002146a0                opentimers_timer_callback
 .text          0x00214b00       0x38 build\openmote-cc2538_armgcc\drivers\libdrivers.a(openhdlc.o)
                0x00214b00                crcIteration
 .text          0x00214b38      0x3b0 build\openmote-cc2538_armgcc\bsp\boards\libbsp.a(board.o)
                0x00214b38                main
                0x00214b46                board_init
                0x00214b8c                board_sleep
                0x00214b9e                board_timer_init
                0x00214bbc                board_timer_get
                0x00214be0                board_timer_expired
                0x00214c18                board_reset
 .text          0x00214ee8      0x240 build\openmote-cc2538_armgcc\bsp\boards\libbsp.a(cryptoengine.o)
                0x00214ee8                cryptoengine_init
                0x00214f02                cryptoengine_aes_ccms_enc
                0x00214fc0                cryptoengine_aes_ccms_dec
                0x00215080                cryptoengine_aes_ecb_enc
 .text          0x00215128      0x28c build\openmote-cc2538_armgcc\bsp\boards\libbsp.a(debugpins.o)
                0x00215128                debugpins_init
                0x0021515c                debugpins_frame_toggle
                0x00215170                debugpins_frame_clr
                0x00215188                debugpins_frame_set
                0x002151a0                debugpins_slot_toggle
                0x002151b4                debugpins_slot_clr
                0x002151cc                debugpins_slot_set
                0x002151e4                debugpins_fsm_toggle
                0x002151f8                debugpins_fsm_clr
                0x00215210                debugpins_fsm_set
                0x00215228                debugpins_task_toggle
                0x0021523c                debugpins_task_clr
                0x00215254                debugpins_task_set
                0x0021526c                debugpins_isruarttx_toggle
                0x00215280                debugpins_isruarttx_clr
                0x00215298                debugpins_isruarttx_set
                0x002152b0                debugpins_isruartrx_toggle
                0x002152c4                debugpins_isruartrx_clr
                0x002152dc                debugpins_isruartrx_set
                0x002152f4                debugpins_isr_toggle
                0x00215308                debugpins_isr_clr
                0x00215320                debugpins_isr_set
                0x00215338                debugpins_radio_toggle
                0x0021534c                debugpins_radio_clr
                0x00215364                debugpins_radio_set
                0x0021537c                bspDBpinToggle
 .text          0x002153b4       0x58 build\openmote-cc2538_armgcc\bsp\boards\libbsp.a(eui64.o)
                0x002153b4                eui64_get
 .text          0x0021540c      0x294 build\openmote-cc2538_armgcc\bsp\boards\libbsp.a(i2c.o)
                0x0021540c                i2c_init
                0x00215498                i2c_read_byte
                0x002154fc                i2c_read_bytes
                0x00215584                i2c_write_byte
                0x002155e8                i2c_write_bytes
 .text          0x002156a0      0x3e4 build\openmote-cc2538_armgcc\bsp\boards\libbsp.a(leds.o)
                0x002156a0                leds_init
                0x002156c0                leds_error_on
                0x002156ce                leds_error_off
                0x002156dc                leds_error_toggle
                0x002156ea                leds_error_isOn
                0x00215714                leds_sync_on
                0x00215722                leds_sync_off
                0x00215730                leds_sync_toggle
                0x0021573e                leds_sync_isOn
                0x00215768                leds_radio_on
                0x00215776                leds_radio_off
                0x00215784                leds_radio_toggle
                0x00215792                leds_radio_isOn
                0x002157b8                leds_debug_on
                0x002157c6                leds_debug_off
                0x002157d4                leds_debug_toggle
                0x002157e2                leds_debug_isOn
                0x0021580c                leds_all_on
                0x0021581a                leds_all_off
                0x00215828                leds_all_toggle
                0x00215836                leds_error_blink
                0x00215896                leds_circular_shift
                0x00215954                leds_increment
                0x00215a00                bspLedSet
                0x00215a24                bspLedClear
                0x00215a48                bspLedToggle
 .text          0x00215a84       0x70 build\openmote-cc2538_armgcc\bsp\boards\libbsp.a(pwm.o)
                0x00215a84                pwm_init
                0x00215acc                pwm_enable
                0x00215ae0                pwm_disable
 .text          0x00215af4      0x630 build\openmote-cc2538_armgcc\bsp\boards\libbsp.a(radio.o)
                0x00215af4                radio_init
                0x00215c30                radio_setStartFrameCb
                0x00215c4c                radio_setEndFrameCb
                0x00215c68                radio_reset
                0x00215cb4                radio_setFrequency
                0x00215d00                radio_rfOn
                0x00215d0c                radio_rfOff
                0x00215d34                radio_loadPacket
                0x00215dac                radio_txEnable
                0x00215dcc                radio_txNow
                0x00215e1c                radio_rxEnable
                0x00215e3c                radio_rxNow
                0x00215e70                radio_getReceivedFrame
                0x00215f3c                enable_radio_interrupts
                0x00215f68                disable_radio_interrupts
                0x00215f88                radio_on
                0x00215fa0                radio_off
                0x00215fe0                radio_isr
                0x00215fee                radio_isr_internal
                0x002160dc                radio_error_isr
 .text          0x00216124       0xec build\openmote-cc2538_armgcc\bsp\boards\libbsp.a(sctimer.o)
                0x00216124                sctimer_init
                0x0021614c                sctimer_set_callback
                0x00216168                sctimer_setCompare
                0x002161b8                sctimer_readCounter
                0x002161c6                sctimer_enable
                0x002161d4                sctimer_disable
                0x002161e2                sctimer_isr_internal
 .text          0x00216210      0x17c build\openmote-cc2538_armgcc\bsp\boards\libbsp.a(sensors.o)
                0x00216210                sensors_init
                0x00216280                sensors_is_present
                0x002162a8                sensors_getCallbackRead
                0x00216320                sensors_getCallbackConvert
 .text          0x0021638c       0x84 build\openmote-cc2538_armgcc\bsp\boards\libbsp.a(startup_gcc.o)
                0x0021638c                NmiSR
                0x00216396                FaultISR
                0x0021639c                IntDefaultHandler
                0x002163a2                ResetISR
 .text          0x00216410      0x268 build\openmote-cc2538_armgcc\bsp\boards\libbsp.a(uart.o)
                0x00216410                uart_init
                0x002164a8                uart_setCallbacks
                0x002164cc                uart_enableInterrupts
                0x002164e0                uart_disableInterrupts
                0x002164f4                uart_clearRxInterrupts
                0x00216508                uart_clearTxInterrupts
                0x0021651c                uart_writeByte
                0x00216568                uart_readByte
                0x00216588                uart_setCTS
                0x00216610                uart_tx_isr
                0x00216658                uart_rx_isr
 .text          0x00216678      0x364 build\openmote-cc2538_armgcc\bsp\boards\libbsp.a(aes.o)
                0x00216678                AESLoadKey
                0x002167f8                AESECBStart
                0x00216900                AESECBCheckResult
                0x00216948                AESECBGetResult
 .text          0x002169dc      0x718 build\openmote-cc2538_armgcc\bsp\boards\libbsp.a(ccm.o)
                0x002169dc                CCMAuthEncryptStart
                0x00216c04                CCMAuthEncryptCheckResult
                0x00216c4c                CCMAuthEncryptGetResult
                0x00216d60                CCMInvAuthDecryptStart
                0x00216f7c                CCMInvAuthDecryptCheckResult
                0x00216f8a                CCMInvAuthDecryptGetResult
 .text          0x002170f4      0x218 build\openmote-cc2538_armgcc\bsp\boards\libbsp.a(flash.o)
                0x002170f4                FlashMainPageErase
                0x00217124                FlashUpperPageErase
                0x00217160                FlashMainPageProgram
                0x00217194                FlashUpperPageProgram
                0x002171d8                FlashGet
                0x002171ee                FlashCacheModeGet
                0x00217208                FlashCacheModeSet
                0x0021724c                FlashSizeGet
                0x002172c0                FlashSramSizeGet
 .text          0x0021730c      0x814 build\openmote-cc2538_armgcc\bsp\boards\libbsp.a(gpio.o)
                0x0021730c                GPIOGetIntNumber
                0x00217370                GPIODirModeSet
                0x002173e4                GPIODirModeGet
                0x0021743c                GPIOIntTypeSet
                0x002174de                GPIOIntTypeGet
                0x00217552                GPIOPinIntEnable
                0x0021757c                GPIOPinIntDisable
                0x002175aa                GPIOPinIntStatus
                0x002175d8                GPIOPinIntClear
                0x002175fa                GPIOPortIntRegister
                0x00217622                GPIOPortIntUnregister
                0x00217646                GPIOPinRead
                0x00217668                GPIOPinWrite
                0x00217692                GPIOPinTypeGPIOInput
                0x002176be                GPIOPinTypeGPIOOutput
                0x002176ea                GPIOPinTypeI2C
                0x00217716                GPIOPinTypeSSI
                0x00217742                GPIOPinTypeTimer
                0x0021776e                GPIOPinTypeUARTInput
                0x0021779a                GPIOPinTypeUARTOutput
                0x002177c6                GPIOPowIntTypeSet
                0x00217860                GPIOPowIntTypeGet
                0x002178e0                GPIOPowIntEnable
                0x0021795c                GPIOPowIntDisable
                0x002179d8                GPIOPowIntStatus
                0x00217a5c                GPIOPowIntClear
                0x00217ad8                GPIOIntWakeupEnable
                0x00217afc                GPIOIntWakeupDisable
 .text          0x00217b20      0x58c build\openmote-cc2538_armgcc\bsp\boards\libbsp.a(gptimer.o)
                0x00217b20                TimerEnable
                0x00217b4a                TimerDisable
                0x00217b76                TimerConfigure
                0x00217bc4                TimerControlLevel
                0x00217c0a                TimerControlTrigger
                0x00217c50                TimerControlEvent
                0x00217c8a                TimerControlStall
                0x00217cd0                TimerControlWaitOnTrigger
                0x00217d4a                TimerPrescaleSet
                0x00217d86                TimerPrescaleGet
                0x00217dae                TimerPrescaleMatchSet
                0x00217dea                TimerPrescaleMatchGet
                0x00217e12                TimerLoadSet
                0x00217e4e                TimerLoadGet
                0x00217e76                TimerValueGet
                0x00217e9e                TimerMatchSet
                0x00217eda                TimerMatchGet
                0x00217f02                TimerIntRegister
                0x00217f80                TimerIntUnregister
                0x00217ff8                TimerIntEnable
                0x0021801e                TimerIntDisable
                0x00218044                TimerIntStatus
                0x0021806e                TimerIntClear
                0x0021808c                TimerSynchronize
 .text          0x002180ac      0x430 build\openmote-cc2538_armgcc\bsp\boards\libbsp.a(i2c_lib.o)
                0x002180ac                I2CMasterInitExpClk
                0x0021810c                I2CSlaveInit
                0x0021812c                I2CMasterEnable
                0x00218148                I2CSlaveEnable
                0x00218170                I2CMasterDisable
                0x0021818c                I2CSlaveDisable
                0x002181b4                I2CIntRegister
                0x002181d2                I2CIntUnregister
                0x002181e6                I2CMasterIntEnable
                0x002181fc                I2CSlaveIntEnable
                0x00218218                I2CSlaveIntEnableEx
                0x0021823c                I2CMasterIntDisable
                0x00218254                I2CSlaveIntDisable
                0x00218270                I2CSlaveIntDisableEx
                0x00218294                I2CMasterIntStatus
                0x002182d4                I2CSlaveIntStatus
                0x00218314                I2CSlaveIntStatusEx
                0x00218340                I2CMasterIntClear
                0x00218360                I2CSlaveIntClear
                0x00218378                I2CSlaveIntClearEx
                0x00218394                I2CMasterSlaveAddrSet
                0x002183c0                I2CMasterBusy
                0x002183e4                I2CMasterBusBusy
                0x00218408                I2CMasterControl
                0x00218424                I2CMasterErr
                0x00218460                I2CMasterDataPut
                0x00218480                I2CMasterDataGet
                0x00218494                I2CSlaveStatus
                0x002184a8                I2CSlaveDataPut
                0x002184c8                I2CSlaveDataGet
 .text          0x002184dc      0x458 build\openmote-cc2538_armgcc\bsp\boards\libbsp.a(interrupt.o)
                0x002184e2                IntMasterEnable
                0x002184fa                IntMasterDisable
                0x00218512                IntRegister
                0x00218574                IntUnregister
                0x00218598                IntPriorityGroupingSet
                0x002185c8                IntPriorityGroupingGet
                0x00218610                IntPrioritySet
                0x00218678                IntPriorityGet
                0x002186a8                IntEnable
                0x0021873c                IntDisable
                0x002187d0                IntPendSet
                0x0021884c                IntPendClear
                0x002188b4                IntPriorityMaskSet
                0x002188ca                IntPriorityMaskGet
                0x002188d8                IntAltMapEnable
                0x002188f4                IntAltMapDisable
                0x00218910                IntAltMapIsEnabled
 .text          0x00218934      0x578 build\openmote-cc2538_armgcc\bsp\boards\libbsp.a(ioc.o)
                0x00218934                IOCPinConfigPeriphOutput
                0x002189fc                IOCPinConfigPeriphInput
                0x00218bb0                IOCPadConfigSet
                0x00218c7c                IOCPadConfigGet
 .text          0x00218eac      0x1ac build\openmote-cc2538_armgcc\bsp\boards\libbsp.a(sleepmode.o)
                0x00218eac                SleepModeIntRegister
                0x00218eca                SleepModeIntUnregister
                0x00218ede                SleepModeTimerCountGet
                0x00218f2c                SleepModeCaptureConfig
                0x00218f64                SleepModeTimerCompareSet
                0x00218fbc                SleepModeCaptureGet
                0x00219008                SleepModeCaptureIsValid
                0x00219030                SleepModeCaptureNew
 .text          0x00219058      0x664 build\openmote-cc2538_armgcc\bsp\boards\libbsp.a(sys_ctrl.o)
                0x00219058                SysCtrlClockSet
                0x00219114                SysCtrlClockGet
                0x002191b8                SysCtrlIOClockSet
                0x002191ec                SysCtrlIOClockGet
                0x00219294                SysCtrlDelay
                0x0021929e                SysCtrlReset
                0x002192b0                SysCtrlSleep
                0x002192bc                SysCtrlDeepSleep
                0x0021939c                SysCtrlPeripheralPresent
                0x00219418                SysCtrlPeripheralReset
                0x002194a4                SysCtrlPeripheralEnable
                0x002194ec                SysCtrlPeripheralDisable
                0x00219534                SysCtrlPeripheralSleepEnable
                0x0021957c                SysCtrlPeripheralSleepDisable
                0x002195c4                SysCtrlPeripheralDeepSleepEnable
                0x0021960c                SysCtrlPeripheralDeepSleepDisable
                0x00219654                SysCtrlPowerModeSet
                0x00219670                SysCtrlPowerModeGet
                0x00219694                SysCtrlClockLossDetectEnable
 .text          0x002196bc      0x6d0 build\openmote-cc2538_armgcc\bsp\boards\libbsp.a(uarthal.o)
                0x002196bc                UARTParityModeSet
                0x002196e6                UARTParityModeGet
                0x00219702                UARTFIFOLevelSet
                0x00219726                UARTFIFOLevelGet
                0x00219758                UARTConfigSetExpClk
                0x002197e4                UARTConfigGetExpClk
                0x00219846                UARTEnable
                0x0021987c                UARTDisable
                0x002198c2                UARTFIFOEnable
                0x002198e4                UARTFIFODisable
                0x00219906                UARTEnableSIR
                0x00219944                UARTDisableSIR
                0x00219966                UARTTxIntModeSet
                0x00219990                UARTTxIntModeGet
                0x002199ac                UARTCharsAvail
                0x002199d2                UARTSpaceAvail
                0x002199f8                UARTCharGetNonBlocking
                0x00219a22                UARTCharGet
                0x00219a48                UARTCharPutNonBlocking
                0x00219a78                UARTCharPut
                0x00219aa4                UARTBreakCtl
                0x00219adc                UARTBusy
                0x00219b02                UARTIntRegister
                0x00219b38                UARTIntUnregister
                0x00219b68                UARTIntEnable
                0x00219b8e                UARTIntDisable
                0x00219bb4                UARTIntStatus
                0x00219bde                UARTIntClear
                0x00219bfc                UARTDMAEnable
                0x00219c22                UARTDMADisable
                0x00219c48                UARTRxErrorGet
                0x00219c64                UARTRxErrorClear
                0x00219c80                UARTClockSourceSet
                0x00219ca0                UARTClockSourceGet
                0x00219cba                UART9BitEnable
                0x00219cdc                UART9BitDisable
                0x00219cfe                UART9BitAddrSet
                0x00219d2c                UART9BitAddrSend
 .text          0x00219d8c      0x18c build\openmote-cc2538_armgcc\bsp\boards\libbsp.a(adxl346.o)
                0x00219d8c                adxl346_init
                0x00219dd6                adxl346_reset
                0x00219de2                adxl346_is_present
                0x00219e0e                adxl346_read_x
                0x00219e54                adxl346_read_y
                0x00219e9a                adxl346_read_z
                0x00219ee0                adxl346_convert_acceleration
 .text          0x00219f18      0x1d4 build\openmote-cc2538_armgcc\bsp\boards\libbsp.a(max44009.o)
                0x00219f18                max44009_init
                0x00219f88                max44009_reset
                0x00219ff8                max44009_is_present
                0x0021a02c                max44009_read_light
                0x0021a08e                max44009_convert_light
 *fill*         0x0021a0ec        0x4 00000000
 .text          0x0021a0f0      0x238 build\openmote-cc2538_armgcc\bsp\boards\libbsp.a(sht21.o)
                0x0021a0f0                sht21_init
                0x0021a13e                sht21_reset
                0x0021a14e                sht21_is_present
                0x0021a190                sht21_read_temperature
                0x0021a1ca                sht21_convert_temperature
                0x0021a240                sht21_read_humidity
                0x0021a27a                sht21_convert_humidity
 .text          0x0021a328       0xe8 build\openmote-cc2538_armgcc\bsp\boards\libbsp.a(adc_sensor.o)
                0x0021a328                adc_sensor_init
                0x0021a358                adc_sens_read_temperature
                0x0021a38a                adc_sens_convert_temperature
 .text          0x0021a410       0xf4 build\openmote-cc2538_armgcc\bsp\boards\libbsp.a(adc.o)
                0x0021a410                SOCADCIntRegister
                0x0021a42e                SOCADCIntUnregister
                0x0021a442                SOCADCSingleConfigure
                0x0021a47c                SOCADCSingleStart
                0x0021a4a8                SOCADCDataGet
                0x0021a4e0                SOCADCEndOfCOnversionGet
 .text          0x0021a504       0x4e build\openmote-cc2538_armgcc\bsp\boards\libbsp.a(cpu.o)
                0x0021a504                CPUcpsid
                0x0021a512                CPUprimask
                0x0021a51e                CPUcpsie
                0x0021a52c                CPUwfi
                0x0021a532                CPUwfe
                0x0021a538                CPUsev
                0x0021a53e                CPUbasepriSet
                0x0021a546                CPUbasepriGet
 *fill*         0x0021a552        0x2 00000000
 .text          0x0021a554      0x378 c:/program files (x86)/gnu tools arm embedded/7 2018-q2-update/bin/../lib/gcc/arm-none-eabi/7.3.1/thumb/v7-m\libgcc.a(_arm_addsubdf3.o)
                0x0021a554                __aeabi_drsub
                0x0021a55c                __aeabi_dsub
                0x0021a55c                __subdf3
                0x0021a560                __aeabi_dadd
                0x0021a560                __adddf3
                0x0021a7d8                __floatunsidf
                0x0021a7d8                __aeabi_ui2d
                0x0021a7f8                __floatsidf
                0x0021a7f8                __aeabi_i2d
                0x0021a81c                __aeabi_f2d
                0x0021a81c                __extendsfdf2
                0x0021a860                __floatundidf
                0x0021a860                __aeabi_ul2d
                0x0021a870                __floatdidf
                0x0021a870                __aeabi_l2d
 .text          0x0021a8cc      0x424 c:/program files (x86)/gnu tools arm embedded/7 2018-q2-update/bin/../lib/gcc/arm-none-eabi/7.3.1/thumb/v7-m\libgcc.a(_arm_muldivdf3.o)
                0x0021a8cc                __aeabi_dmul
                0x0021a8cc                __muldf3
                0x0021ab20                __divdf3
                0x0021ab20                __aeabi_ddiv
 .text          0x0021acf0       0xa0 c:/program files (x86)/gnu tools arm embedded/7 2018-q2-update/bin/../lib/gcc/arm-none-eabi/7.3.1/thumb/v7-m\libgcc.a(_arm_truncdfsf2.o)
                0x0021acf0                __truncdfsf2
                0x0021acf0                __aeabi_d2f
 .text          0x0021ad90      0x21c c:/program files (x86)/gnu tools arm embedded/7 2018-q2-update/bin/../lib/gcc/arm-none-eabi/7.3.1/thumb/v7-m\libgcc.a(_arm_addsubsf3.o)
                0x0021ad90                __aeabi_frsub
                0x0021ad98                __subsf3
                0x0021ad98                __aeabi_fsub
                0x0021ad9c                __aeabi_fadd
                0x0021ad9c                __addsf3
                0x0021aefc                __aeabi_ui2f
                0x0021aefc                __floatunsisf
                0x0021af04                __aeabi_i2f
                0x0021af04                __floatsisf
                0x0021af20                __aeabi_ul2f
                0x0021af20                __floatundisf
                0x0021af30                __aeabi_l2f
                0x0021af30                __floatdisf
 .text          0x0021afac      0x2a0 c:/program files (x86)/gnu tools arm embedded/7 2018-q2-update/bin/../lib/gcc/arm-none-eabi/7.3.1/thumb/v7-m\libgcc.a(_arm_muldivsf3.o)
                0x0021afac                __mulsf3
                0x0021afac                __aeabi_fmul
                0x0021b114                __aeabi_fdiv
                0x0021b114                __divsf3
 .text          0x0021b24c        0x0 c:/program files (x86)/gnu tools arm embedded/7 2018-q2-update/bin/../lib/gcc/arm-none-eabi/7.3.1/../../../../arm-none-eabi/lib/thumb/v7-m\libg.a(lib_a-memcmp.o)
 .text.memcmp   0x0021b24c       0x64 c:/program files (x86)/gnu tools arm embedded/7 2018-q2-update/bin/../lib/gcc/arm-none-eabi/7.3.1/../../../../arm-none-eabi/lib/thumb/v7-m\libg.a(lib_a-memcmp.o)
                0x0021b24c                memcmp
 .text          0x0021b2b0       0xec c:/program files (x86)/gnu tools arm embedded/7 2018-q2-update/bin/../lib/gcc/arm-none-eabi/7.3.1/../../../../arm-none-eabi/lib/thumb/v7-m\libg.a(lib_a-memcpy.o)
                0x0021b2b0                memcpy
 .text          0x0021b39c        0x0 c:/program files (x86)/gnu tools arm embedded/7 2018-q2-update/bin/../lib/gcc/arm-none-eabi/7.3.1/../../../../arm-none-eabi/lib/thumb/v7-m\libg.a(lib_a-memset.o)
 .text.memset   0x0021b39c       0x94 c:/program files (x86)/gnu tools arm embedded/7 2018-q2-update/bin/../lib/gcc/arm-none-eabi/7.3.1/../../../../arm-none-eabi/lib/thumb/v7-m\libg.a(lib_a-memset.o)
                0x0021b39c                memset
 *(.rodata*)
 .rodata        0x0021b430       0x2d build\openmote-cc2538_armgcc\projects\common\03oos_openwsn\03oos_openwsn.o
 *fill*         0x0021b45d        0x3 00000000
 .rodata        0x0021b460       0x74 build\openmote-cc2538_armgcc\openstack\libopenstack.a(openstack.o)
 .rodata        0x0021b4d4       0x74 build\openmote-cc2538_armgcc\openstack\libopenstack.a(IEEE802154E.o)
 .rodata        0x0021b548       0x74 build\openmote-cc2538_armgcc\openstack\libopenstack.a(IEEE802154_security.o)
 .rodata        0x0021b5bc       0x74 build\openmote-cc2538_armgcc\openstack\libopenstack.a(neighbors.o)
 .rodata        0x0021b630       0x74 build\openmote-cc2538_armgcc\openstack\libopenstack.a(msf.o)
 .rodata        0x0021b6a4       0x74 build\openmote-cc2538_armgcc\openstack\libopenstack.a(schedule.o)
 .rodata        0x0021b718       0x74 build\openmote-cc2538_armgcc\openstack\libopenstack.a(sixtop.o)
 .rodata        0x0021b78c       0x7d build\openmote-cc2538_armgcc\openstack\libopenstack.a(iphc.o)
 *fill*         0x0021b809        0x3 00000000
 .rodata        0x0021b80c       0x38 build\openmote-cc2538_armgcc\openstack\libopenstack.a(openbridge.o)
 .rodata        0x0021b844       0x48 build\openmote-cc2538_armgcc\openstack\libopenstack.a(forwarding.o)
 .rodata        0x0021b88c       0x40 build\openmote-cc2538_armgcc\openstack\libopenstack.a(icmpv6.o)
 .rodata        0x0021b8cc       0x2d build\openmote-cc2538_armgcc\openstack\libopenstack.a(icmpv6echo.o)
 *fill*         0x0021b8f9        0x3 00000000
 .rodata        0x0021b8fc       0x74 build\openmote-cc2538_armgcc\openstack\libopenstack.a(icmpv6rpl.o)
 .rodata        0x0021b970       0x80 build\openmote-cc2538_armgcc\openstack\libopenstack.a(openudp.o)
 .rodata        0x0021b9f0       0x48 build\openmote-cc2538_armgcc\openstack\libopenstack.a(idmanager.o)
 .rodata        0x0021ba38       0x5c build\openmote-cc2538_armgcc\openstack\libopenstack.a(openqueue.o)
 .rodata        0x0021ba94       0x38 build\openmote-cc2538_armgcc\openstack\libopenstack.a(openrandom.o)
 .rodata        0x0021bacc       0x38 build\openmote-cc2538_armgcc\openstack\libopenstack.a(packetfunctions.o)
 .rodata        0x0021bb04       0x64 build\openmote-cc2538_armgcc\openstack\libopenstack.a(IEEE802154.o)
 .rodata        0x0021bb68       0x38 build\openmote-cc2538_armgcc\openstack\libopenstack.a(topology.o)
 .rodata        0x0021bba0       0x80 build\openmote-cc2538_armgcc\openapps\libopenapps.a(openapps_dyn.o)
 .rodata        0x0021bc20       0xac build\openmote-cc2538_armgcc\openapps\libopenapps.a(opencoap.o)
 .rodata        0x0021bccc       0x8c build\openmote-cc2538_armgcc\openapps\libopenapps.a(hwan.o)
 .rodata        0x0021bd58       0x8d build\openmote-cc2538_armgcc\openapps\libopenapps.a(openoscoap.o)
 *fill*         0x0021bde5        0x3 00000000
 .rodata        0x0021bde8        0x1 build\openmote-cc2538_armgcc\openapps\libopenapps.a(hkdf.o)
 *fill*         0x0021bde9        0x3 00000000
 .rodata        0x0021bdec       0x2d build\openmote-cc2538_armgcc\openapps\libopenapps.a(cborencoder.o)
 *fill*         0x0021be19        0x3 00000000
 .rodata        0x0021be1c        0x7 build\openmote-cc2538_armgcc\openapps\libopenapps.a(usha.o)
 *fill*         0x0021be23        0x1 00000000
 .rodata        0x0021be24      0x100 build\openmote-cc2538_armgcc\openapps\libopenapps.a(sha224-256.o)
 .rodata        0x0021bf24       0x2d build\openmote-cc2538_armgcc\kernel\openos\libkernel.a(scheduler.o)
 *fill*         0x0021bf51        0x3 00000000
 .rodata        0x0021bf54      0x274 build\openmote-cc2538_armgcc\drivers\libdrivers.a(openserial.o)
 .rodata        0x0021c1c8       0x2d build\openmote-cc2538_armgcc\drivers\libdrivers.a(opentimers.o)
 *fill*         0x0021c1f5        0x3 00000000
 .rodata        0x0021c1f8      0x230 build\openmote-cc2538_armgcc\drivers\libdrivers.a(openhdlc.o)
 .rodata        0x0021c428       0x2d build\openmote-cc2538_armgcc\bsp\boards\libbsp.a(board.o)
 *fill*         0x0021c455        0x3 00000000
 .rodata        0x0021c458       0x2d build\openmote-cc2538_armgcc\bsp\boards\libbsp.a(cryptoengine.o)
 *fill*         0x0021c485        0x3 00000000
 .rodata        0x0021c488       0x23 build\openmote-cc2538_armgcc\bsp\boards\libbsp.a(debugpins.o)
 *fill*         0x0021c4ab        0x1 00000000
 .rodata        0x0021c4ac       0x23 build\openmote-cc2538_armgcc\bsp\boards\libbsp.a(leds.o)
 *fill*         0x0021c4cf        0x1 00000000
 .rodata        0x0021c4d0       0x23 build\openmote-cc2538_armgcc\bsp\boards\libbsp.a(pwm.o)
 *fill*         0x0021c4f3        0x1 00000000
 .rodata        0x0021c4f4       0x23 build\openmote-cc2538_armgcc\bsp\boards\libbsp.a(radio.o)
 *fill*         0x0021c517        0x1 00000000
 .rodata        0x0021c518       0x23 build\openmote-cc2538_armgcc\bsp\boards\libbsp.a(sctimer.o)
 *fill*         0x0021c53b        0x1 00000000
 .rodata        0x0021c53c       0x23 build\openmote-cc2538_armgcc\bsp\boards\libbsp.a(sensors.o)
 *fill*         0x0021c55f        0x1 00000000
 .rodata        0x0021c560       0x23 build\openmote-cc2538_armgcc\bsp\boards\libbsp.a(uart.o)
 *fill*         0x0021c583        0x1 00000000
 .rodata        0x0021c584      0x114 build\openmote-cc2538_armgcc\bsp\boards\libbsp.a(interrupt.o)
 .rodata        0x0021c698      0x100 build\openmote-cc2538_armgcc\bsp\boards\libbsp.a(ioc.o)
 .rodata        0x0021c798       0x74 build\openmote-cc2538_armgcc\bsp\boards\libbsp.a(sys_ctrl.o)
 .rodata        0x0021c80c       0x15 build\openmote-cc2538_armgcc\bsp\boards\libbsp.a(max44009.o)
 *fill*         0x0021c821        0x3 00000000
 .rodata        0x0021c824       0x23 build\openmote-cc2538_armgcc\bsp\boards\libbsp.a(adc_sensor.o)
                0x0021c847                _etext = .

.glue_7         0x0021c848        0x0
 .glue_7        0x0021c848        0x0 linker stubs

.glue_7t        0x0021c848        0x0
 .glue_7t       0x0021c848        0x0 linker stubs

.vfp11_veneer   0x0021c848        0x0
 .vfp11_veneer  0x0021c848        0x0 linker stubs

.v4_bx          0x0021c848        0x0
 .v4_bx         0x0021c848        0x0 linker stubs

.iplt           0x0021c848        0x0
 .iplt          0x0021c848        0x0 build\openmote-cc2538_armgcc\projects\common\03oos_openwsn\03oos_openwsn.o

.data           0x20004000      0x2dc load address 0x0021c847
                0x20004000                _data = .
 *(vtable)
 vtable         0x20004000      0x28c build\openmote-cc2538_armgcc\bsp\boards\libbsp.a(interrupt.o)
 *(.data*)
 .data          0x2000428c        0x0 build\openmote-cc2538_armgcc\projects\common\03oos_openwsn\03oos_openwsn.o
 .data          0x2000428c        0x0 build\openmote-cc2538_armgcc\openstack\libopenstack.a(openstack.o)
 .data          0x2000428c        0x0 build\openmote-cc2538_armgcc\openstack\libopenstack.a(IEEE802154E.o)
 .data          0x2000428c        0x0 build\openmote-cc2538_armgcc\openstack\libopenstack.a(IEEE802154_security.o)
 .data          0x2000428c        0x0 build\openmote-cc2538_armgcc\openstack\libopenstack.a(neighbors.o)
 .data          0x2000428c        0x0 build\openmote-cc2538_armgcc\openstack\libopenstack.a(msf.o)
 .data          0x2000428c        0x0 build\openmote-cc2538_armgcc\openstack\libopenstack.a(schedule.o)
 .data          0x2000428c        0x0 build\openmote-cc2538_armgcc\openstack\libopenstack.a(sixtop.o)
 .data          0x2000428c        0x0 build\openmote-cc2538_armgcc\openstack\libopenstack.a(iphc.o)
 .data          0x2000428c        0x0 build\openmote-cc2538_armgcc\openstack\libopenstack.a(openbridge.o)
 .data          0x2000428c        0x0 build\openmote-cc2538_armgcc\openstack\libopenstack.a(forwarding.o)
 .data          0x2000428c        0x0 build\openmote-cc2538_armgcc\openstack\libopenstack.a(icmpv6.o)
 .data          0x2000428c        0x0 build\openmote-cc2538_armgcc\openstack\libopenstack.a(icmpv6echo.o)
 .data          0x2000428c        0x0 build\openmote-cc2538_armgcc\openstack\libopenstack.a(icmpv6rpl.o)
 .data          0x2000428c        0x0 build\openmote-cc2538_armgcc\openstack\libopenstack.a(openudp.o)
 .data          0x2000428c        0x0 build\openmote-cc2538_armgcc\openstack\libopenstack.a(idmanager.o)
 .data          0x2000428c        0x0 build\openmote-cc2538_armgcc\openstack\libopenstack.a(openqueue.o)
 .data          0x2000428c        0x0 build\openmote-cc2538_armgcc\openstack\libopenstack.a(openrandom.o)
 .data          0x2000428c        0x0 build\openmote-cc2538_armgcc\openstack\libopenstack.a(packetfunctions.o)
 .data          0x2000428c        0x0 build\openmote-cc2538_armgcc\openstack\libopenstack.a(IEEE802154.o)
 .data          0x2000428c        0x0 build\openmote-cc2538_armgcc\openstack\libopenstack.a(topology.o)
 .data          0x2000428c        0x0 build\openmote-cc2538_armgcc\openapps\libopenapps.a(openapps_dyn.o)
 .data          0x2000428c        0x0 build\openmote-cc2538_armgcc\openapps\libopenapps.a(opencoap.o)
 .data          0x2000428c        0x0 build\openmote-cc2538_armgcc\openapps\libopenapps.a(hwan.o)
 .data          0x2000428c        0x0 build\openmote-cc2538_armgcc\openapps\libopenapps.a(openoscoap.o)
 .data          0x2000428c        0x0 build\openmote-cc2538_armgcc\openapps\libopenapps.a(hkdf.o)
 .data          0x2000428c        0x0 build\openmote-cc2538_armgcc\openapps\libopenapps.a(hmac.o)
 .data          0x2000428c        0x0 build\openmote-cc2538_armgcc\openapps\libopenapps.a(cborencoder.o)
 .data          0x2000428c        0x0 build\openmote-cc2538_armgcc\openapps\libopenapps.a(usha.o)
 .data          0x2000428c       0x50 build\openmote-cc2538_armgcc\openapps\libopenapps.a(sha224-256.o)
 .data          0x200042dc        0x0 build\openmote-cc2538_armgcc\kernel\openos\libkernel.a(scheduler.o)
 .data          0x200042dc        0x0 build\openmote-cc2538_armgcc\drivers\libdrivers.a(openserial.o)
 .data          0x200042dc        0x0 build\openmote-cc2538_armgcc\drivers\libdrivers.a(opentimers.o)
 .data          0x200042dc        0x0 build\openmote-cc2538_armgcc\drivers\libdrivers.a(openhdlc.o)
 .data          0x200042dc        0x0 build\openmote-cc2538_armgcc\bsp\boards\libbsp.a(board.o)
 .data          0x200042dc        0x0 build\openmote-cc2538_armgcc\bsp\boards\libbsp.a(cryptoengine.o)
 .data          0x200042dc        0x0 build\openmote-cc2538_armgcc\bsp\boards\libbsp.a(debugpins.o)
 .data          0x200042dc        0x0 build\openmote-cc2538_armgcc\bsp\boards\libbsp.a(eui64.o)
 .data          0x200042dc        0x0 build\openmote-cc2538_armgcc\bsp\boards\libbsp.a(i2c.o)
 .data          0x200042dc        0x0 build\openmote-cc2538_armgcc\bsp\boards\libbsp.a(leds.o)
 .data          0x200042dc        0x0 build\openmote-cc2538_armgcc\bsp\boards\libbsp.a(pwm.o)
 .data          0x200042dc        0x0 build\openmote-cc2538_armgcc\bsp\boards\libbsp.a(radio.o)
 .data          0x200042dc        0x0 build\openmote-cc2538_armgcc\bsp\boards\libbsp.a(sctimer.o)
 .data          0x200042dc        0x0 build\openmote-cc2538_armgcc\bsp\boards\libbsp.a(sensors.o)
 .data          0x200042dc        0x0 build\openmote-cc2538_armgcc\bsp\boards\libbsp.a(startup_gcc.o)
 .data          0x200042dc        0x0 build\openmote-cc2538_armgcc\bsp\boards\libbsp.a(uart.o)
 .data          0x200042dc        0x0 build\openmote-cc2538_armgcc\bsp\boards\libbsp.a(aes.o)
 .data          0x200042dc        0x0 build\openmote-cc2538_armgcc\bsp\boards\libbsp.a(ccm.o)
 .data          0x200042dc        0x0 build\openmote-cc2538_armgcc\bsp\boards\libbsp.a(flash.o)
 .data          0x200042dc        0x0 build\openmote-cc2538_armgcc\bsp\boards\libbsp.a(gpio.o)
 .data          0x200042dc        0x0 build\openmote-cc2538_armgcc\bsp\boards\libbsp.a(gptimer.o)
 .data          0x200042dc        0x0 build\openmote-cc2538_armgcc\bsp\boards\libbsp.a(i2c_lib.o)
 .data          0x200042dc        0x0 build\openmote-cc2538_armgcc\bsp\boards\libbsp.a(interrupt.o)
 .data          0x200042dc        0x0 build\openmote-cc2538_armgcc\bsp\boards\libbsp.a(ioc.o)
 .data          0x200042dc        0x0 build\openmote-cc2538_armgcc\bsp\boards\libbsp.a(sleepmode.o)
 .data          0x200042dc        0x0 build\openmote-cc2538_armgcc\bsp\boards\libbsp.a(sys_ctrl.o)
 .data          0x200042dc        0x0 build\openmote-cc2538_armgcc\bsp\boards\libbsp.a(uarthal.o)
 .data          0x200042dc        0x0 build\openmote-cc2538_armgcc\bsp\boards\libbsp.a(adxl346.o)
 .data          0x200042dc        0x0 build\openmote-cc2538_armgcc\bsp\boards\libbsp.a(max44009.o)
 .data          0x200042dc        0x0 build\openmote-cc2538_armgcc\bsp\boards\libbsp.a(sht21.o)
 .data          0x200042dc        0x0 build\openmote-cc2538_armgcc\bsp\boards\libbsp.a(adc_sensor.o)
 .data          0x200042dc        0x0 build\openmote-cc2538_armgcc\bsp\boards\libbsp.a(adc.o)
 .data          0x200042dc        0x0 build\openmote-cc2538_armgcc\bsp\boards\libbsp.a(cpu.o)
 .data          0x200042dc        0x0 c:/program files (x86)/gnu tools arm embedded/7 2018-q2-update/bin/../lib/gcc/arm-none-eabi/7.3.1/thumb/v7-m\libgcc.a(_arm_addsubdf3.o)
 .data          0x200042dc        0x0 c:/program files (x86)/gnu tools arm embedded/7 2018-q2-update/bin/../lib/gcc/arm-none-eabi/7.3.1/thumb/v7-m\libgcc.a(_arm_muldivdf3.o)
 .data          0x200042dc        0x0 c:/program files (x86)/gnu tools arm embedded/7 2018-q2-update/bin/../lib/gcc/arm-none-eabi/7.3.1/thumb/v7-m\libgcc.a(_arm_truncdfsf2.o)
 .data          0x200042dc        0x0 c:/program files (x86)/gnu tools arm embedded/7 2018-q2-update/bin/../lib/gcc/arm-none-eabi/7.3.1/thumb/v7-m\libgcc.a(_arm_addsubsf3.o)
 .data          0x200042dc        0x0 c:/program files (x86)/gnu tools arm embedded/7 2018-q2-update/bin/../lib/gcc/arm-none-eabi/7.3.1/thumb/v7-m\libgcc.a(_arm_muldivsf3.o)
 .data          0x200042dc        0x0 c:/program files (x86)/gnu tools arm embedded/7 2018-q2-update/bin/../lib/gcc/arm-none-eabi/7.3.1/../../../../arm-none-eabi/lib/thumb/v7-m\libg.a(lib_a-memcmp.o)
 .data          0x200042dc        0x0 c:/program files (x86)/gnu tools arm embedded/7 2018-q2-update/bin/../lib/gcc/arm-none-eabi/7.3.1/../../../../arm-none-eabi/lib/thumb/v7-m\libg.a(lib_a-memcpy.o)
 .data          0x200042dc        0x0 c:/program files (x86)/gnu tools arm embedded/7 2018-q2-update/bin/../lib/gcc/arm-none-eabi/7.3.1/../../../../arm-none-eabi/lib/thumb/v7-m\libg.a(lib_a-memset.o)
                0x200042dc                _edata = .

.igot.plt       0x200042dc        0x0 load address 0x0021cb24
 .igot.plt      0x200042dc        0x0 build\openmote-cc2538_armgcc\projects\common\03oos_openwsn\03oos_openwsn.o

.ARM.exidx
 *(.ARM.exidx*)

.bss            0x200042dc     0x27f8 load address 0x0021cb24
                0x200042dc                _bss = .
 *(.bss*)
 .bss           0x200042dc        0x0 build\openmote-cc2538_armgcc\projects\common\03oos_openwsn\03oos_openwsn.o
 .bss           0x200042dc        0x0 build\openmote-cc2538_armgcc\openstack\libopenstack.a(openstack.o)
 .bss           0x200042dc        0x0 build\openmote-cc2538_armgcc\openstack\libopenstack.a(IEEE802154E.o)
 .bss           0x200042dc        0x0 build\openmote-cc2538_armgcc\openstack\libopenstack.a(IEEE802154_security.o)
 .bss           0x200042dc      0x4b4 build\openmote-cc2538_armgcc\openstack\libopenstack.a(neighbors.o)
 .bss           0x20004790        0x0 build\openmote-cc2538_armgcc\openstack\libopenstack.a(msf.o)
 .bss           0x20004790        0x0 build\openmote-cc2538_armgcc\openstack\libopenstack.a(schedule.o)
 .bss           0x20004790        0x0 build\openmote-cc2538_armgcc\openstack\libopenstack.a(sixtop.o)
 .bss           0x20004790        0x4 build\openmote-cc2538_armgcc\openstack\libopenstack.a(iphc.o)
 .bss           0x20004794        0x0 build\openmote-cc2538_armgcc\openstack\libopenstack.a(openbridge.o)
 .bss           0x20004794        0x0 build\openmote-cc2538_armgcc\openstack\libopenstack.a(forwarding.o)
 .bss           0x20004794        0x0 build\openmote-cc2538_armgcc\openstack\libopenstack.a(icmpv6.o)
 .bss           0x20004794        0x0 build\openmote-cc2538_armgcc\openstack\libopenstack.a(icmpv6echo.o)
 .bss           0x20004794        0x0 build\openmote-cc2538_armgcc\openstack\libopenstack.a(icmpv6rpl.o)
 .bss           0x20004794        0x0 build\openmote-cc2538_armgcc\openstack\libopenstack.a(openudp.o)
 .bss           0x20004794        0x0 build\openmote-cc2538_armgcc\openstack\libopenstack.a(idmanager.o)
 .bss           0x20004794        0x0 build\openmote-cc2538_armgcc\openstack\libopenstack.a(openqueue.o)
 .bss           0x20004794        0x0 build\openmote-cc2538_armgcc\openstack\libopenstack.a(openrandom.o)
 .bss           0x20004794        0x0 build\openmote-cc2538_armgcc\openstack\libopenstack.a(packetfunctions.o)
 .bss           0x20004794        0x0 build\openmote-cc2538_armgcc\openstack\libopenstack.a(IEEE802154.o)
 .bss           0x20004794        0x0 build\openmote-cc2538_armgcc\openstack\libopenstack.a(topology.o)
 .bss           0x20004794        0x0 build\openmote-cc2538_armgcc\openapps\libopenapps.a(openapps_dyn.o)
 .bss           0x20004794        0x0 build\openmote-cc2538_armgcc\openapps\libopenapps.a(opencoap.o)
 .bss           0x20004794        0x0 build\openmote-cc2538_armgcc\openapps\libopenapps.a(hwan.o)
 .bss           0x20004794        0x0 build\openmote-cc2538_armgcc\openapps\libopenapps.a(openoscoap.o)
 .bss           0x20004794        0x0 build\openmote-cc2538_armgcc\openapps\libopenapps.a(hkdf.o)
 .bss           0x20004794        0x0 build\openmote-cc2538_armgcc\openapps\libopenapps.a(hmac.o)
 .bss           0x20004794        0x0 build\openmote-cc2538_armgcc\openapps\libopenapps.a(cborencoder.o)
 .bss           0x20004794        0x0 build\openmote-cc2538_armgcc\openapps\libopenapps.a(usha.o)
 .bss           0x20004794        0x4 build\openmote-cc2538_armgcc\openapps\libopenapps.a(sha224-256.o)
 .bss           0x20004798        0x0 build\openmote-cc2538_armgcc\kernel\openos\libkernel.a(scheduler.o)
 .bss           0x20004798        0x0 build\openmote-cc2538_armgcc\drivers\libdrivers.a(openserial.o)
 .bss           0x20004798        0x0 build\openmote-cc2538_armgcc\drivers\libdrivers.a(opentimers.o)
 .bss           0x20004798        0x0 build\openmote-cc2538_armgcc\drivers\libdrivers.a(openhdlc.o)
 .bss           0x20004798        0x0 build\openmote-cc2538_armgcc\bsp\boards\libbsp.a(board.o)
 .bss           0x20004798       0x10 build\openmote-cc2538_armgcc\bsp\boards\libbsp.a(cryptoengine.o)
 .bss           0x200047a8        0x0 build\openmote-cc2538_armgcc\bsp\boards\libbsp.a(debugpins.o)
 .bss           0x200047a8        0x0 build\openmote-cc2538_armgcc\bsp\boards\libbsp.a(eui64.o)
 .bss           0x200047a8        0x0 build\openmote-cc2538_armgcc\bsp\boards\libbsp.a(i2c.o)
 .bss           0x200047a8        0x0 build\openmote-cc2538_armgcc\bsp\boards\libbsp.a(leds.o)
 .bss           0x200047a8        0x0 build\openmote-cc2538_armgcc\bsp\boards\libbsp.a(pwm.o)
 .bss           0x200047a8        0x0 build\openmote-cc2538_armgcc\bsp\boards\libbsp.a(radio.o)
 .bss           0x200047a8        0x0 build\openmote-cc2538_armgcc\bsp\boards\libbsp.a(sctimer.o)
 .bss           0x200047a8        0x0 build\openmote-cc2538_armgcc\bsp\boards\libbsp.a(sensors.o)
 .bss           0x200047a8      0x800 build\openmote-cc2538_armgcc\bsp\boards\libbsp.a(startup_gcc.o)
 .bss           0x20004fa8        0x0 build\openmote-cc2538_armgcc\bsp\boards\libbsp.a(uart.o)
 .bss           0x20004fa8       0x14 build\openmote-cc2538_armgcc\bsp\boards\libbsp.a(aes.o)
                0x20004fa8                g_ui8CurrentAESOp
 .bss           0x20004fbc        0x0 build\openmote-cc2538_armgcc\bsp\boards\libbsp.a(ccm.o)
 .bss           0x20004fbc        0x0 build\openmote-cc2538_armgcc\bsp\boards\libbsp.a(flash.o)
 .bss           0x20004fbc        0x0 build\openmote-cc2538_armgcc\bsp\boards\libbsp.a(gpio.o)
 .bss           0x20004fbc        0x0 build\openmote-cc2538_armgcc\bsp\boards\libbsp.a(gptimer.o)
 .bss           0x20004fbc        0x0 build\openmote-cc2538_armgcc\bsp\boards\libbsp.a(i2c_lib.o)
 .bss           0x20004fbc        0x0 build\openmote-cc2538_armgcc\bsp\boards\libbsp.a(interrupt.o)
 .bss           0x20004fbc        0x0 build\openmote-cc2538_armgcc\bsp\boards\libbsp.a(ioc.o)
 .bss           0x20004fbc        0x0 build\openmote-cc2538_armgcc\bsp\boards\libbsp.a(sleepmode.o)
 .bss           0x20004fbc        0x0 build\openmote-cc2538_armgcc\bsp\boards\libbsp.a(sys_ctrl.o)
 .bss           0x20004fbc        0x0 build\openmote-cc2538_armgcc\bsp\boards\libbsp.a(uarthal.o)
 .bss           0x20004fbc        0x0 build\openmote-cc2538_armgcc\bsp\boards\libbsp.a(adxl346.o)
 .bss           0x20004fbc        0x0 build\openmote-cc2538_armgcc\bsp\boards\libbsp.a(max44009.o)
 .bss           0x20004fbc        0x1 build\openmote-cc2538_armgcc\bsp\boards\libbsp.a(sht21.o)
 .bss           0x20004fbd        0x0 build\openmote-cc2538_armgcc\bsp\boards\libbsp.a(adc_sensor.o)
 .bss           0x20004fbd        0x0 build\openmote-cc2538_armgcc\bsp\boards\libbsp.a(adc.o)
 .bss           0x20004fbd        0x0 build\openmote-cc2538_armgcc\bsp\boards\libbsp.a(cpu.o)
 .bss           0x20004fbd        0x0 c:/program files (x86)/gnu tools arm embedded/7 2018-q2-update/bin/../lib/gcc/arm-none-eabi/7.3.1/thumb/v7-m\libgcc.a(_arm_addsubdf3.o)
 .bss           0x20004fbd        0x0 c:/program files (x86)/gnu tools arm embedded/7 2018-q2-update/bin/../lib/gcc/arm-none-eabi/7.3.1/thumb/v7-m\libgcc.a(_arm_muldivdf3.o)
 .bss           0x20004fbd        0x0 c:/program files (x86)/gnu tools arm embedded/7 2018-q2-update/bin/../lib/gcc/arm-none-eabi/7.3.1/thumb/v7-m\libgcc.a(_arm_truncdfsf2.o)
 .bss           0x20004fbd        0x0 c:/program files (x86)/gnu tools arm embedded/7 2018-q2-update/bin/../lib/gcc/arm-none-eabi/7.3.1/thumb/v7-m\libgcc.a(_arm_addsubsf3.o)
 .bss           0x20004fbd        0x0 c:/program files (x86)/gnu tools arm embedded/7 2018-q2-update/bin/../lib/gcc/arm-none-eabi/7.3.1/thumb/v7-m\libgcc.a(_arm_muldivsf3.o)
 .bss           0x20004fbd        0x0 c:/program files (x86)/gnu tools arm embedded/7 2018-q2-update/bin/../lib/gcc/arm-none-eabi/7.3.1/../../../../arm-none-eabi/lib/thumb/v7-m\libg.a(lib_a-memcmp.o)
 .bss           0x20004fbd        0x0 c:/program files (x86)/gnu tools arm embedded/7 2018-q2-update/bin/../lib/gcc/arm-none-eabi/7.3.1/../../../../arm-none-eabi/lib/thumb/v7-m\libg.a(lib_a-memcpy.o)
 .bss           0x20004fbd        0x0 c:/program files (x86)/gnu tools arm embedded/7 2018-q2-update/bin/../lib/gcc/arm-none-eabi/7.3.1/../../../../arm-none-eabi/lib/thumb/v7-m\libg.a(lib_a-memset.o)
 *(COMMON)
 *fill*         0x20004fbd        0x3 
 COMMON         0x20004fc0      0x1d4 build\openmote-cc2538_armgcc\openstack\libopenstack.a(IEEE802154E.o)
                0x20004fc0                ieee154e_vars
                0x20005174                ieee154e_stats
                0x20005184                ieee154e_dbg
 COMMON         0x20005194       0x24 build\openmote-cc2538_armgcc\openstack\libopenstack.a(IEEE802154_security.o)
                0x20005194                ieee802154_security_vars
 COMMON         0x200051b8        0xa build\openmote-cc2538_armgcc\openstack\libopenstack.a(msf.o)
                0x200051b8                msf_vars
 *fill*         0x200051c2        0x2 
 COMMON         0x200051c4      0x304 build\openmote-cc2538_armgcc\openstack\libopenstack.a(schedule.o)
                0x200051c4                schedule_vars
 COMMON         0x200054c8       0x50 build\openmote-cc2538_armgcc\openstack\libopenstack.a(sixtop.o)
                0x200054c8                sixtop_vars
 COMMON         0x20005518       0x16 build\openmote-cc2538_armgcc\openstack\libopenstack.a(icmpv6echo.o)
                0x20005518                icmpv6echo_vars
 *fill*         0x2000552e        0x2 
 COMMON         0x20005530       0x9c build\openmote-cc2538_armgcc\openstack\libopenstack.a(icmpv6rpl.o)
                0x20005530                icmpv6rpl_vars
 COMMON         0x200055cc        0x4 build\openmote-cc2538_armgcc\openstack\libopenstack.a(openudp.o)
                0x200055cc                openudp_vars
 COMMON         0x200055d0       0x5b build\openmote-cc2538_armgcc\openstack\libopenstack.a(idmanager.o)
                0x200055d0                idmanager_vars
 *fill*         0x2000562b        0x1 
 COMMON         0x2000562c      0xcf8 build\openmote-cc2538_armgcc\openstack\libopenstack.a(openqueue.o)
                0x2000562c                openqueue_vars
 COMMON         0x20006324        0x2 build\openmote-cc2538_armgcc\openstack\libopenstack.a(openrandom.o)
                0x20006324                random_vars
 *fill*         0x20006326        0x2 
 COMMON         0x20006328       0x40 build\openmote-cc2538_armgcc\openapps\libopenapps.a(opencoap.o)
                0x20006328                opencoap_vars
 COMMON         0x20006368       0x1c build\openmote-cc2538_armgcc\openapps\libopenapps.a(hwan.o)
                0x20006368                hwan_vars
 COMMON         0x20006384        0x1 build\openmote-cc2538_armgcc\openapps\libopenapps.a(openoscoap.o)
                0x20006384                openoscoap_vars
 *fill*         0x20006385        0x3 
 COMMON         0x20006388       0x82 build\openmote-cc2538_armgcc\kernel\openos\libkernel.a(scheduler.o)
                0x20006388                scheduler_vars
                0x20006408                scheduler_dbg
 *fill*         0x2000640a        0x2 
 COMMON         0x2000640c      0x4e4 build\openmote-cc2538_armgcc\drivers\libdrivers.a(openserial.o)
                0x2000640c                openserial_vars
 COMMON         0x200068f0      0x1b4 build\openmote-cc2538_armgcc\drivers\libdrivers.a(opentimers.o)
                0x200068f0                opentimers_vars
 COMMON         0x20006aa4        0x1 build\openmote-cc2538_armgcc\bsp\boards\libbsp.a(board.o)
                0x20006aa4                user_button_initialized
 *fill*         0x20006aa5        0x3 
 COMMON         0x20006aa8        0x1 build\openmote-cc2538_armgcc\bsp\boards\libbsp.a(pwm.o)
                0x20006aa8                pwm_vars
 *fill*         0x20006aa9        0x3 
 COMMON         0x20006aac        0xc build\openmote-cc2538_armgcc\bsp\boards\libbsp.a(radio.o)
                0x20006aac                radio_vars
 COMMON         0x20006ab8        0x4 build\openmote-cc2538_armgcc\bsp\boards\libbsp.a(sctimer.o)
                0x20006ab8                sctimer_vars
 COMMON         0x20006abc        0x9 build\openmote-cc2538_armgcc\bsp\boards\libbsp.a(sensors.o)
                0x20006abc                sensors_vars
 *fill*         0x20006ac5        0x3 
 COMMON         0x20006ac8        0xc build\openmote-cc2538_armgcc\bsp\boards\libbsp.a(uart.o)
                0x20006ac8                uart_vars
                0x20006ad4                _ebss = .

.flashcca       0x0023ffd4        0xc
 *(.flashcca)
 .flashcca      0x0023ffd4        0xc build\openmote-cc2538_armgcc\bsp\boards\libbsp.a(startup_gcc.o)
                0x0023ffd4                __cca
OUTPUT(build\openmote-cc2538_armgcc\projects\common\03oos_openwsn_prog.exe elf32-littlearm)

.rel.dyn        0x0023ffe0        0x0
 .rel.iplt      0x0023ffe0        0x0 build\openmote-cc2538_armgcc\projects\common\03oos_openwsn\03oos_openwsn.o

.debug_info     0x00000000    0x33c87
 .debug_info    0x00000000      0x979 build\openmote-cc2538_armgcc\projects\common\03oos_openwsn\03oos_openwsn.o
 .debug_info    0x00000979      0xd0c build\openmote-cc2538_armgcc\openstack\libopenstack.a(openstack.o)
 .debug_info    0x00001685     0x2480 build\openmote-cc2538_armgcc\openstack\libopenstack.a(IEEE802154E.o)
 .debug_info    0x00003b05     0x1234 build\openmote-cc2538_armgcc\openstack\libopenstack.a(IEEE802154_security.o)
 .debug_info    0x00004d39     0x1904 build\openmote-cc2538_armgcc\openstack\libopenstack.a(neighbors.o)
 .debug_info    0x0000663d     0x122a build\openmote-cc2538_armgcc\openstack\libopenstack.a(msf.o)
 .debug_info    0x00007867     0x1959 build\openmote-cc2538_armgcc\openstack\libopenstack.a(schedule.o)
 .debug_info    0x000091c0     0x1f0a build\openmote-cc2538_armgcc\openstack\libopenstack.a(sixtop.o)
 .debug_info    0x0000b0ca     0x1e76 build\openmote-cc2538_armgcc\openstack\libopenstack.a(iphc.o)
 .debug_info    0x0000cf40     0x11ed build\openmote-cc2538_armgcc\openstack\libopenstack.a(openbridge.o)
 .debug_info    0x0000e12d     0x1a8c build\openmote-cc2538_armgcc\openstack\libopenstack.a(forwarding.o)
 .debug_info    0x0000fbb9     0x1218 build\openmote-cc2538_armgcc\openstack\libopenstack.a(icmpv6.o)
 .debug_info    0x00010dd1     0x12e3 build\openmote-cc2538_armgcc\openstack\libopenstack.a(icmpv6echo.o)
 .debug_info    0x000120b4     0x1bab build\openmote-cc2538_armgcc\openstack\libopenstack.a(icmpv6rpl.o)
 .debug_info    0x00013c5f     0x14a5 build\openmote-cc2538_armgcc\openstack\libopenstack.a(openudp.o)
 .debug_info    0x00015104     0x11af build\openmote-cc2538_armgcc\openstack\libopenstack.a(idmanager.o)
 .debug_info    0x000162b3     0x16e1 build\openmote-cc2538_armgcc\openstack\libopenstack.a(openqueue.o)
 .debug_info    0x00017994      0xaa8 build\openmote-cc2538_armgcc\openstack\libopenstack.a(openrandom.o)
 .debug_info    0x0001843c     0x175f build\openmote-cc2538_armgcc\openstack\libopenstack.a(packetfunctions.o)
 .debug_info    0x00019b9b     0x1577 build\openmote-cc2538_armgcc\openstack\libopenstack.a(IEEE802154.o)
 .debug_info    0x0001b112      0xb7b build\openmote-cc2538_armgcc\openstack\libopenstack.a(topology.o)
 .debug_info    0x0001bc8d      0x9df build\openmote-cc2538_armgcc\openapps\libopenapps.a(openapps_dyn.o)
 .debug_info    0x0001c66c     0x20a3 build\openmote-cc2538_armgcc\openapps\libopenapps.a(opencoap.o)
 .debug_info    0x0001e70f     0x14e9 build\openmote-cc2538_armgcc\openapps\libopenapps.a(hwan.o)
 .debug_info    0x0001fbf8     0x1d76 build\openmote-cc2538_armgcc\openapps\libopenapps.a(openoscoap.o)
 .debug_info    0x0002196e     0x10c5 build\openmote-cc2538_armgcc\openapps\libopenapps.a(hkdf.o)
 .debug_info    0x00022a33      0x687 build\openmote-cc2538_armgcc\openapps\libopenapps.a(hmac.o)
 .debug_info    0x000230ba      0xb12 build\openmote-cc2538_armgcc\openapps\libopenapps.a(cborencoder.o)
 .debug_info    0x00023bcc      0x575 build\openmote-cc2538_armgcc\openapps\libopenapps.a(usha.o)
 .debug_info    0x00024141      0x660 build\openmote-cc2538_armgcc\openapps\libopenapps.a(sha224-256.o)
 .debug_info    0x000247a1      0xb53 build\openmote-cc2538_armgcc\kernel\openos\libkernel.a(scheduler.o)
 .debug_info    0x000252f4     0x199b build\openmote-cc2538_armgcc\drivers\libdrivers.a(openserial.o)
 .debug_info    0x00026c8f      0xe18 build\openmote-cc2538_armgcc\drivers\libdrivers.a(opentimers.o)
 .debug_info    0x00027aa7      0x9d7 build\openmote-cc2538_armgcc\drivers\libdrivers.a(openhdlc.o)
 .debug_info    0x0002847e      0xb6b build\openmote-cc2538_armgcc\bsp\boards\libbsp.a(board.o)
 .debug_info    0x00028fe9      0xbf2 build\openmote-cc2538_armgcc\bsp\boards\libbsp.a(cryptoengine.o)
 .debug_info    0x00029bdb      0xb36 build\openmote-cc2538_armgcc\bsp\boards\libbsp.a(debugpins.o)
 .debug_info    0x0002a711      0x8e7 build\openmote-cc2538_armgcc\bsp\boards\libbsp.a(eui64.o)
 .debug_info    0x0002aff8      0x1f5 build\openmote-cc2538_armgcc\bsp\boards\libbsp.a(i2c.o)
 .debug_info    0x0002b1ed      0xc22 build\openmote-cc2538_armgcc\bsp\boards\libbsp.a(leds.o)
 .debug_info    0x0002be0f      0x9a2 build\openmote-cc2538_armgcc\bsp\boards\libbsp.a(pwm.o)
 .debug_info    0x0002c7b1      0xd39 build\openmote-cc2538_armgcc\bsp\boards\libbsp.a(radio.o)
 .debug_info    0x0002d4ea      0xa29 build\openmote-cc2538_armgcc\bsp\boards\libbsp.a(sctimer.o)
 .debug_info    0x0002df13      0xaa5 build\openmote-cc2538_armgcc\bsp\boards\libbsp.a(sensors.o)
 .debug_info    0x0002e9b8      0x1d5 build\openmote-cc2538_armgcc\bsp\boards\libbsp.a(startup_gcc.o)
 .debug_info    0x0002eb8d      0xb4a build\openmote-cc2538_armgcc\bsp\boards\libbsp.a(uart.o)
 .debug_info    0x0002f6d7      0x1ea build\openmote-cc2538_armgcc\bsp\boards\libbsp.a(aes.o)
 .debug_info    0x0002f8c1      0x421 build\openmote-cc2538_armgcc\bsp\boards\libbsp.a(ccm.o)
 .debug_info    0x0002fce2      0x4e8 build\openmote-cc2538_armgcc\bsp\boards\libbsp.a(flash.o)
 .debug_info    0x000301ca      0x781 build\openmote-cc2538_armgcc\bsp\boards\libbsp.a(gpio.o)
 .debug_info    0x0003094b      0x629 build\openmote-cc2538_armgcc\bsp\boards\libbsp.a(gptimer.o)
 .debug_info    0x00030f74      0x42d build\openmote-cc2538_armgcc\bsp\boards\libbsp.a(i2c_lib.o)
 .debug_info    0x000313a1      0x417 build\openmote-cc2538_armgcc\bsp\boards\libbsp.a(interrupt.o)
 .debug_info    0x000317b8      0x2b0 build\openmote-cc2538_armgcc\bsp\boards\libbsp.a(ioc.o)