Archive member included to satisfy reference by file (symbol)

build\openmote-cc2538_armgcc\openstack\libopenstack.a(openstack.o)
                              build\openmote-cc2538_armgcc\projects\common\03oos_openwsn\03oos_openwsn.o (openstack_init)
build\openmote-cc2538_armgcc\openstack\libopenstack.a(IEEE802154E.o)
                              build\openmote-cc2538_armgcc\openstack\libopenstack.a(openstack.o) (ieee154e_init)
build\openmote-cc2538_armgcc\openstack\libopenstack.a(IEEE802154_security.o)
                              build\openmote-cc2538_armgcc\openstack\libopenstack.a(IEEE802154E.o) (IEEE802154_security_init)
build\openmote-cc2538_armgcc\openstack\libopenstack.a(neighbors.o)
                              build\openmote-cc2538_armgcc\openstack\libopenstack.a(openstack.o) (neighbors_init)
build\openmote-cc2538_armgcc\openstack\libopenstack.a(msf.o)
                              build\openmote-cc2538_armgcc\openstack\libopenstack.a(openstack.o) (msf_init)
build\openmote-cc2538_armgcc\openstack\libopenstack.a(schedule.o)
                              build\openmote-cc2538_armgcc\openstack\libopenstack.a(openstack.o) (schedule_init)
build\openmote-cc2538_armgcc\openstack\libopenstack.a(sixtop.o)
                              build\openmote-cc2538_armgcc\openstack\libopenstack.a(openstack.o) (sixtop_init)
build\openmote-cc2538_armgcc\openstack\libopenstack.a(iphc.o)
                              build\openmote-cc2538_armgcc\openstack\libopenstack.a(openstack.o) (iphc_init)
build\openmote-cc2538_armgcc\openstack\libopenstack.a(openbridge.o)
                              build\openmote-cc2538_armgcc\openstack\libopenstack.a(openstack.o) (openbridge_init)
build\openmote-cc2538_armgcc\openstack\libopenstack.a(forwarding.o)
                              build\openmote-cc2538_armgcc\openstack\libopenstack.a(openstack.o) (forwarding_init)
build\openmote-cc2538_armgcc\openstack\libopenstack.a(icmpv6.o)
                              build\openmote-cc2538_armgcc\openstack\libopenstack.a(openstack.o) (icmpv6_init)
build\openmote-cc2538_armgcc\openstack\libopenstack.a(icmpv6echo.o)
                              build\openmote-cc2538_armgcc\openstack\libopenstack.a(openstack.o) (icmpv6echo_init)
build\openmote-cc2538_armgcc\openstack\libopenstack.a(icmpv6rpl.o)
                              build\openmote-cc2538_armgcc\openstack\libopenstack.a(openstack.o) (icmpv6rpl_init)
build\openmote-cc2538_armgcc\openstack\libopenstack.a(openudp.o)
                              build\openmote-cc2538_armgcc\openstack\libopenstack.a(openstack.o) (openudp_init)
build\openmote-cc2538_armgcc\openstack\libopenstack.a(idmanager.o)
                              build\openmote-cc2538_armgcc\openstack\libopenstack.a(openstack.o) (idmanager_init)
build\openmote-cc2538_armgcc\openstack\libopenstack.a(openqueue.o)
                              build\openmote-cc2538_armgcc\openstack\libopenstack.a(openstack.o) (openqueue_init)
build\openmote-cc2538_armgcc\openstack\libopenstack.a(openrandom.o)
                              build\openmote-cc2538_armgcc\openstack\libopenstack.a(openstack.o) (openrandom_init)
build\openmote-cc2538_armgcc\openstack\libopenstack.a(packetfunctions.o)
                              build\openmote-cc2538_armgcc\openstack\libopenstack.a(neighbors.o) (packetfunctions_ip128bToMac64b)
build\openmote-cc2538_armgcc\openstack\libopenstack.a(IEEE802154.o)
                              build\openmote-cc2538_armgcc\openstack\libopenstack.a(IEEE802154E.o) (ieee802154_prependHeader)
build\openmote-cc2538_armgcc\openstack\libopenstack.a(topology.o)
                              build\openmote-cc2538_armgcc\openstack\libopenstack.a(IEEE802154.o) (topology_isAcceptablePacket)
build\openmote-cc2538_armgcc\openapps\libopenapps.a(openapps_dyn.o)
                              build\openmote-cc2538_armgcc\openstack\libopenstack.a(openstack.o) (openapps_init)
build\openmote-cc2538_armgcc\openapps\libopenapps.a(opencoap.o)
                              build\openmote-cc2538_armgcc\openapps\libopenapps.a(openapps_dyn.o) (opencoap_init)
build\openmote-cc2538_armgcc\openapps\libopenapps.a(chang.o)
                              build\openmote-cc2538_armgcc\openapps\libopenapps.a(openapps_dyn.o) (chang_init)
build\openmote-cc2538_armgcc\openapps\libopenapps.a(openoscoap.o)
                              build\openmote-cc2538_armgcc\openapps\libopenapps.a(opencoap.o) (openoscoap_protect_message)
build\openmote-cc2538_armgcc\openapps\libopenapps.a(hkdf.o)
                              build\openmote-cc2538_armgcc\openapps\libopenapps.a(openoscoap.o) (hkdf)
build\openmote-cc2538_armgcc\openapps\libopenapps.a(hmac.o)
                              build\openmote-cc2538_armgcc\openapps\libopenapps.a(hkdf.o) (hmac)
build\openmote-cc2538_armgcc\openapps\libopenapps.a(cborencoder.o)
                              build\openmote-cc2538_armgcc\openapps\libopenapps.a(openoscoap.o) (cborencoder_put_text)
[...]
Memory Configuration

Name             Origin             Length             Attributes
FLASH            0x00200000         0x0003ffd4         xr
FLASH_CCA        0x0023ffd4         0x0000000c         xr
SRAM             0x20004000         0x00004000         xrw
*default*        0x00000000         0xffffffff

Linker script and memory map

LOAD build\openmote-cc2538_armgcc\projects\common\03oos_openwsn\03oos_openwsn.o
LOAD build\openmote-cc2538_armgcc\openstack\libopenstack.a
LOAD build\openmote-cc2538_armgcc\openapps\libopenapps.a
LOAD build\openmote-cc2538_armgcc\openstack\libopenstack.a
LOAD build\openmote-cc2538_armgcc\kernel\openos\libkernel.a
LOAD build\openmote-cc2538_armgcc\drivers\libdrivers.a
LOAD build\openmote-cc2538_armgcc\bsp\boards\libbsp.a
START GROUP
LOAD c:/program files (x86)/gnu tools arm embedded/7 2018-q2-update/bin/../lib/gcc/arm-none-eabi/7.3.1/thumb/v7-m\libgcc.a
LOAD c:/program files (x86)/gnu tools arm embedded/7 2018-q2-update/bin/../lib/gcc/arm-none-eabi/7.3.1/../../../../arm-none-eabi/lib/thumb/v7-m\libg.a
LOAD c:/program files (x86)/gnu tools arm embedded/7 2018-q2-update/bin/../lib/gcc/arm-none-eabi/7.3.1/../../../../arm-none-eabi/lib/thumb/v7-m\libc.a
END GROUP

.text           0x00200000    0x1c85f
                0x00200000                _text = .
 *(.vectors)
 .vectors       0x00200000      0x28c build\openmote-cc2538_armgcc\bsp\boards\libbsp.a(startup_gcc.o)
                0x00200000                gVectors
 *(.text*)
 .text          0x0020028c       0x1a build\openmote-cc2538_armgcc\projects\common\03oos_openwsn\03oos_openwsn.o
                0x0020028c                mote_main
 .text          0x002002a6       0x5c build\openmote-cc2538_armgcc\openstack\libopenstack.a(openstack.o)
                0x002002a6                openstack_init
 *fill*         0x00200302        0x2 00000000
 .text          0x00200304     0x2e38 build\openmote-cc2538_armgcc\openstack\libopenstack.a(IEEE802154E.o)
                0x00200304                ieee154e_init
                0x002003f8                ieee154e_asnDiff
                0x002004a4                ieee154e_computeAsnDiff
                0x00200544                ieee154e_calculateExpTime
                0x00200608                ieee154e_orderToASNStructure
                0x0020065e                isr_ieee154e_newSlot
                0x002006f0                isr_ieee154e_timer
                0x00200818                isr_ieee154e_inhibitStart
                0x0020082e                ieee154e_startOfFrame
                0x00200904                ieee154e_endOfFrame
                0x002009d8                debugPrint_asn
                0x00200a18                debugPrint_isSync
                0x00200a44                debugPrint_macStats
                0x00200a5c                activity_synchronize_newSlot
                0x00200bb4                activity_synchronize_startOfFrame
                0x00200bf0                activity_synchronize_endOfFrame
                0x00200eb4                ieee154e_processIEs
                0x00200f44                activity_ti1ORri1
                0x00201358                activity_ti2
                0x00201404                activity_tie1
                0x00201428                activity_ti3
                0x00201468                activity_tie2
                0x0020148c                activity_ti4
                0x002014f4                activity_tie3
                0x00201518                activity_ti5
                0x002015e8                activity_ti6
                0x0020164c                activity_tie4
                0x00201670                activity_ti7
                0x002016b0                activity_tie5
                0x0020170c                activity_ti8
                0x00201774                activity_tie6
                0x00201798                activity_ti9
                0x00201a10                activity_ri2
                0x00201a74                activity_rie1
                0x00201a98                activity_ri3
                0x00201ad8                activity_rie2
                0x00201ae4                activity_ri4
                0x00201b54                activity_rie3
                0x00201b78                activity_ri5
                0x00201f3c                activity_ri6
                0x002020e8                activity_rie4
                0x0020210c                activity_ri7
                0x0020214c                activity_rie5
                0x00202170                activity_ri8
                0x002021d8                activity_rie6
                0x002021fc                activity_ri9
                0x002022ac                isValidRxFrame
                0x0020231c                isValidAck
                0x0020238e                incrementAsnOffset
                0x0020243c                ieee154e_resetAsn
                0x00202474                ieee154e_getAsn
                0x002024dc                ieee154e_getTimeCorrection
                0x002024fc                joinPriorityStoreFromEB
                0x0020252c                isValidJoin
                0x002025dc                isValidEbFormat
                0x00202972                asnStoreFromEB
                0x002029cc                ieee154e_syncSlotOffset
                0x00202aa8                ieee154e_setIsAckEnabled
                0x00202ac8                ieee154e_setSingleChannel
                0x00202b04                ieee154e_setIsSecurityEnabled
                0x00202b24                ieee154e_setSlotDuration
                0x00202b44                ieee154e_getSlotDuration
                0x00202b5c                timeslotTemplateIDStoreFromEB
                0x00202b7c                channelhoppingTemplateIDStoreFromEB
                0x00202b9c                synchronizePacket
                0x00202c64                synchronizeAck
                0x00202cf0                changeIsSync
                0x00202d28                notif_sendDone
                0x00202d68                notif_receive
                0x00202da8                resetStats
                0x00202e08                updateStats
                0x00202e50                calculateFrequency
                0x00202ea0                changeState
                0x00202f4c                endSlot
                0x00203128                ieee154e_isSynch
 .text          0x0020313c      0x1d4 build\openmote-cc2538_armgcc\openstack\libopenstack.a(IEEE802154_security.o)
                0x0020313c                IEEE802154_security_init
                0x0020317c                IEEE802154_security_getBeaconKeyIndex
                0x00203190                IEEE802154_security_getDataKeyIndex
                0x002031a4                IEEE802154_security_setBeaconKey
                0x002031dc                IEEE802154_security_setDataKey
                0x00203214                IEEE802154_security_isConfigured
                0x0020324c                IEEE802154_security_setDynamicKeying
                0x00203264                IEEE802154_security_prependAuxiliarySecurityHeader
                0x00203276                IEEE802154_security_retrieveAuxiliarySecurityHeader
                0x0020328a                IEEE802154_security_outgoingFrameSecurity
                0x0020329e                IEEE802154_security_incomingFrame
                0x002032b2                IEEE802154_security_authLengthChecking
                0x002032c8                IEEE802154_security_auxLengthChecking
                0x002032e6                IEEE802154_security_getSecurityLevel
                0x002032fa                IEEE802154_security_acceptableLevel
 .text          0x00203310     0x146c build\openmote-cc2538_armgcc\openstack\libopenstack.a(neighbors.o)
                0x00203310                neighbors_init
                0x00203328                neighbors_getNumNeighbors
                0x00203370                neighbors_getNeighborRank
                0x0020339c                neighbors_getRssi
                0x002033c8                neighbors_getNumTx
                0x002033f4                neighbors_getKANeighbor
                0x0020346c                neighbors_getJoinProxy
                0x00203568                neighbors_getNeighborNoResource
                0x00203594                neighbors_getNeighborIsInBlacklist
                0x002035c0                neighbors_getSequenceNumber
                0x0020361c                neighbors_isStableNeighbor
                0x002036bc                neighbors_isStableNeighborByIndex
                0x0020370c                neighbors_isInsecureNeighbor
                0x0020377c                neighbors_isNeighborWithHigherDAGrank
                0x002037d0                neighbors_reachedMinimalTransmission
                0x00203820                neighbors_indicateRx
                0x00203a80                neighbors_indicateTx
                0x00203c2c                neighbors_updateSequenceNumber
                0x00203ccc                neighbors_resetSequenceNumber
                0x00203d28                neighbors_getNeighborEui64
                0x00203d98                neighbors_updateBackoff
                0x00203e60                neighbors_decreaseBackoff
                0x00203ee8                neighbors_backoffHitZero
                0x00203f50                neighbors_resetBackoff
                0x00203fc0                neighbors_setNeighborRank
                0x00203ff4                neighbors_setNeighborNoResource
                0x00204044                neighbors_setPreferredParent
                0x00204078                neighbor_removeAutonomousTxRxCellUnicast
                0x002040d2                neighbor_removeAllAutonomousTxRxCellUnicast
                0x002040de                neighbors_getLinkMetric
                0x002041f8                neighbors_removeOld
                0x002042e4                debugPrint_neighbors
                0x00204378                registerNewNeighbor
                0x00204560                isNeighbor
                0x0020459c                removeNeighbor
                0x00204708                isThisRowMatching
 .text          0x0020477c      0x8f0 build\openmote-cc2538_armgcc\openstack\libopenstack.a(msf.o)
                0x0020477c                msf_init
                0x00204880                msf_updateCellsPassed
                0x002048f0                msf_updateCellsUsed
                0x00204924                msf_trigger6pClear
                0x00204960                msf_getsfid
                0x0020496e                msf_getMetadata
                0x0020497c                msf_translateMetadata
                0x0020498a                msf_handleRCError
                0x00204a14                msf_timer_waitretry_cb
                0x00204a34                msf_timer_housekeeping_cb
                0x00204a70                msf_timer_housekeeping_task
                0x00204a7c                msf_timer_clear_task
                0x00204ac4                msf_trigger6pAdd
                0x00204b54                msf_trigger6pDelete
                0x00204bfc                msf_appPktPeriod
                0x00204c1c                msf_candidateAddCellList
                0x00204cd2                msf_candidateRemoveCellList
                0x00204d9c                msf_housekeeping
                0x00204fe8                msf_hashFunction_getSlotoffset
                0x0020501c                msf_hashFunction_getChanneloffset
                0x0020503a                msf_setHashCollisionFlag
                0x00205058                msf_getHashCollisionFlag
 .text          0x0020506c     0x11f0 build\openmote-cc2538_armgcc\openstack\libopenstack.a(schedule.o)
                0x0020506c                schedule_init
                0x002050d0                schedule_startDAGroot
                0x00205138                debugPrint_schedule
                0x00205288                debugPrint_backoff
                0x002052b8                schedule_setFrameLength
                0x002052ec                schedule_setFrameHandle
                0x00205314                schedule_setFrameNumber
                0x0020533c                schedule_getSlotInfo
                0x002053d0                schedule_addActiveSlot
                0x00205588                schedule_removeActiveSlot
                0x00205678                schedule_isSlotOffsetAvailable
                0x002056d8                schedule_removeAllManagedUnicastCellsToNeighbor
                0x00205764                schedule_removeAllAutonomousTxRxCellUnicast
                0x002057f8                schedule_getNumberOfFreeEntries
                0x00205848                schedule_getNumberOfManagedTxCells
                0x002058d4                schedule_isNumTxWrapped
                0x0020594c                schedule_getCellsToBeRelocated
                0x00205ac4                schedule_hasAutonomousTxRxCellUnicast
                0x00205b5c                schedule_getAutonomousTxRxCellUnicastNeighbor
                0x00205c10                schedule_hasManagedTxCellToNeighbor
                0x00205cb0                schedule_hasNonParentAutonomousTxRxCellUnicast
                0x00205d6c                schedule_getAutonomousTxRxCellAnycast
                0x00205e00                schedule_syncSlotOffset
                0x00205e34                schedule_advanceSlot
                0x00205e58                schedule_getNextActiveSlotOffset
                0x00205e80                schedule_getFrameLength
                0x00205ea4                schedule_getType
                0x00205ecc                schedule_getShared
                0x00205ef4                schedule_getNeighbor
                0x00205f24                schedule_getChannelOffset
                0x00205f4c                schedule_getOkToSend
                0x00205fdc                schedule_resetBackoff
                0x00206000                schedule_indicateRx
                0x0020603c                schedule_indicateTx
                0x00206164                schedule_getOneCellAfterOffset
                0x002061f4                schedule_resetEntry
 .text          0x0020625c     0x2548 build\openmote-cc2538_armgcc\openstack\libopenstack.a(sixtop.o)
                0x0020625c                sixtop_init
                0x0020630c                sixtop_setKaPeriod
                0x0020633c                sixtop_setEBPeriod
                0x00206364                sixtop_setSFcallback
                0x00206398                sixtop_request
                0x002067ec                sixtop_send
                0x002068c6                task_sixtopNotifSendDone
                0x0020698c                task_sixtopNotifReceive
                0x00206a92                debugPrint_myDAGrank
                0x00206aba                debugPrint_kaPeriod
                0x00206ae0                sixtop_setIsResponseEnabled
                0x00206b00                sixtop_send_internal
                0x00206b80                sixtop_sendingEb_timer_cb
                0x00206b96                sixtop_maintenance_timer_cb
                0x00206bac                sixtop_timeout_timer_cb
                0x00206bc2                timer_sixtop_sendEb_fired
                0x00206bde                timer_sixtop_management_fired
                0x00206c28                sixtop_sendEB
                0x00206e18                sixtop_sendKA
                0x00206f00                timer_sixtop_six2six_timeout_fired
                0x00206f4c                sixtop_six2six_sendDone
                0x0020710c                sixtop_processIEs
                0x00207280                sixtop_six2six_notifyReceive
                0x00208418                sixtop_addCells
                0x002084fc                sixtop_removeCells
                0x0020858c                sixtop_areAvailableCellsToBeScheduled
                0x0020863c                sixtop_areAvailableCellsToBeRemoved
 .text          0x002087a4     0x1afc build\openmote-cc2538_armgcc\openstack\libopenstack.a(iphc.o)
                0x002087a4                iphc_init
                0x002087b0                iphc_sendFromForwarding
                0x00208a90                iphc_sendFromBridge
                0x00208ace                iphc_sendDone
                0x00208b06                iphc_receive
                0x00208c0e                iphc_prependIPv6Header
                0x00208fd4                iphc_retrieveIPv6Header
                0x002094ec                iphc_retrieveIphcHeader
                0x00209c30                iphc_prependIPv6HopByHopHeader
                0x00209ce6                iphc_prependIPv6DeadlineHeader
                0x00209ede                iphc_retrieveIPv6HopByHopHeader
                0x00209fda                iphc_retrieveIPv6DeadlineHeader
                0x0020a238                iphc_getDeadlineInfo
                0x0020a268                iphc_getAsnLen
 .text          0x0020a2a0      0x194 build\openmote-cc2538_armgcc\openstack\libopenstack.a(openbridge.o)
                0x0020a2a0                openbridge_init
                0x0020a2ac                openbridge_triggerData
                0x0020a3a2                openbridge_sendDone
                0x0020a3d6                openbridge_receive
 .text          0x0020a434      0xea0 build\openmote-cc2538_armgcc\openstack\libopenstack.a(forwarding.o)
                0x0020a434                forwarding_init
                0x0020a440                forwarding_send
                0x0020a72c                forwarding_sendDone
                0x0020a79a                forwarding_receive
                0x0020a9b6                forwarding_getNextHop
                0x0020a9fe                forwarding_send_internal_RoutingTable
                0x0020aacc                forwarding_send_internal_SourceRouting
                0x0020b23c                forwarding_createRplOption
                0x0020b2bc                forwarding_createDeadlineOption
 .text          0x0020b2d4       0xe4 build\openmote-cc2538_armgcc\openstack\libopenstack.a(icmpv6.o)
                0x0020b2d4                icmpv6_init
                0x0020b2e0                icmpv6_send
                0x0020b304                icmpv6_sendDone
                0x0020b35e                icmpv6_receive
 .text          0x0020b3b8      0x2bc build\openmote-cc2538_armgcc\openstack\libopenstack.a(icmpv6echo.o)
                0x0020b3b8                icmpv6echo_init
                0x0020b3dc                icmpv6echo_trigger
                0x0020b4f4                icmpv6echo_sendDone
                0x0020b534                icmpv6echo_receive
                0x0020b654                icmpv6echo_setIsReplyEnabled
 .text          0x0020b674     0x1188 build\openmote-cc2538_armgcc\openstack\libopenstack.a(icmpv6rpl.o)
                0x0020b674                icmpv6rpl_init
                0x0020b948                icmpv6rpl_writeDODAGid
                0x0020b980                icmpv6rpl_getRPLIntanceID
                0x0020b998                icmpv6rpl_getRPLDODAGid
                0x0020b9d4                icmpv6rpl_sendDone
                0x0020ba2c                icmpv6rpl_receive
                0x0020bab2                icmpv6rpl_getPreferredParentIndex
                0x0020bad8                icmpv6rpl_getPreferredParentEui64
                0x0020bb3c                icmpv6rpl_isPreferredParent
                0x0020bba0                icmpv6rpl_getMyDAGrank
                0x0020bbb8                icmpv6rpl_setMyDAGrank
                0x0020bbd8                icmpv6rpl_updateMyDAGrankAndParentSelection
                0x0020be58                icmpv6rpl_updateNexthopAddress
                0x0020be6e                icmpv6rpl_indicateRxDIO
                0x0020c178                icmpv6rpl_killPreferredParent
                0x0020c1ac                icmpv6rpl_timer_DIO_cb
                0x0020c1c2                icmpv6rpl_timer_DIO_task
                0x0020c1de                sendDIO
                0x0020c488                icmpv6rpl_timer_DAO_cb
                0x0020c49e                icmpv6rpl_timer_DAO_task
                0x0020c4ba                sendDAO
                0x0020c77c                icmpv6rpl_setDIOPeriod
                0x0020c7ac                icmpv6rpl_setDAOPeriod
                0x0020c7dc                icmpv6rpl_daoSent
 .text          0x0020c7fc      0x4f8 build\openmote-cc2538_armgcc\openstack\libopenstack.a(openudp.o)
                0x0020c7fc                openudp_init
                0x0020c814                openudp_register
                0x0020c838                openudp_send
                0x0020ca3a                openudp_sendDone
                0x0020cab8                openudp_receive
                0x0020ccb4                openudp_debugPrint
 .text          0x0020ccf4      0x558 build\openmote-cc2538_armgcc\openstack\libopenstack.a(idmanager.o)
                0x0020ccf4                idmanager_init
                0x0020cd94                idmanager_getIsDAGroot
                0x0020cdb8                idmanager_setIsDAGroot
                0x0020cde4                idmanager_getIsSlotSkip
                0x0020ce08                idmanager_getMyID
                0x0020ce84                idmanager_setMyID
                0x0020cf50                idmanager_isMyAddress
                0x0020d040                idmanager_triggerAboutRoot
                0x0020d144                idmanager_setJoinKey
                0x0020d170                idmanager_getJoinKey
                0x0020d18c                idmanager_setJoinAsn
                0x0020d1b0                debugPrint_id
                0x0020d20c                debugPrint_joined
 .text          0x0020d24c      0xc0c build\openmote-cc2538_armgcc\openstack\libopenstack.a(openqueue.o)
                0x0020d24c                openqueue_init
                0x0020d284                debugPrint_queue
                0x0020d2f4                openqueue_getFreePacketBuffer
                0x0020d3b4                openqueue_freePacketBuffer
                0x0020d444                openqueue_removeAllCreatedBy
                0x0020d4b4                openqueue_sixtopGetSentPacket
                0x0020d520                openqueue_sixtopGetReceivedPacket
                0x0020d58c                openqueue_getNum6PReq
                0x0020d628                openqueue_getNum6PResp
                0x0020d6a0                openqueue_remove6PrequestToNeighbor
                0x0020d744                openqueue_macGet6PResponseAndDownStreamPacket
                0x0020d874                openqueue_macGet6PRequestOnAnycast
                0x0020d928                openqueue_isHighPriorityEntryEnough
                0x0020d984                openqueue_macGetEBPacket
                0x0020da10                openqueue_macGetKaPacket
                0x0020daa8                openqueue_macGetDIOPacket
                0x0020db34                openqueue_updateNextHopPayload
                0x0020dc24                openqueue_macGetNonJoinIPv6Packet
                0x0020dd0c                openqueue_macGet6PandJoinPacket
                0x0020ddc0                openqueue_reset_entry
 .text          0x0020de58      0x124 build\openmote-cc2538_armgcc\openstack\libopenstack.a(openrandom.o)
                0x0020de58                openrandom_init
                0x0020de9c                openrandom_get16b
                0x0020df10                openrandom_getRandomizePeriod
 .text          0x0020df7c      0xb68 build\openmote-cc2538_armgcc\openstack\libopenstack.a(packetfunctions.o)
                0x0020df7c                packetfunctions_ip128bToMac64b
                0x0020dfda                packetfunctions_mac64bToIp128b
                0x0020e03c                packetfunctions_mac64bToMac16b
                0x0020e082                packetfunctions_mac16bToMac64b
                0x0020e0ec                packetfunctions_isBroadcastMulticast
                0x0020e174                packetfunctions_isAllRoutersMulticast
                0x0020e214                packetfunctions_isAllHostsMulticast
                0x0020e2b4                packetfunctions_isLinkLocal
                0x0020e314                packetfunctions_sameAddress
                0x0020e3a2                packetfunctions_readAddress
                0x0020e44e                packetfunctions_writeAddress
                0x0020e4fe                packetfunctions_reserveHeaderSize
                0x0020e54a                packetfunctions_tossHeader
                0x0020e596                packetfunctions_reserveFooterSize
                0x0020e5d2                packetfunctions_tossFooter
                0x0020e60c                packetfunctions_duplicatePacket
                0x0020e6a0                packetfunctions_calculateCRC
                0x0020e73c                packetfunctions_checkCRC
                0x0020e7ec                packetfunctions_calculateChecksum
                0x0020e940                onesComplementSum
                0x0020e9d0                packetfunctions_htons
                0x0020e9fc                packetfunctions_ntohs
                0x0020ea24                packetfunctions_htonl
                0x0020ea64                packetfunctions_ntohl
                0x0020ea98                packetfunctions_reverseArrayByteOrder
 .text          0x0020eae4      0x790 build\openmote-cc2538_armgcc\openstack\libopenstack.a(IEEE802154.o)
                0x0020eae4                ieee802154_prependHeader
                0x0020ed80                ieee802154_retrieveHeader
 .text          0x0020f274       0x4e build\openmote-cc2538_armgcc\openstack\libopenstack.a(topology.o)
                0x0020f274                topology_isAcceptablePacket
 .text          0x0020f2c2       0x10 build\openmote-cc2538_armgcc\openapps\libopenapps.a(openapps_dyn.o)
                0x0020f2c2                openapps_init
 *fill*         0x0020f2d2        0x2 00000000
 .text          0x0020f2d4     0x1644 build\openmote-cc2538_armgcc\openapps\libopenapps.a(opencoap.o)
                0x0020f2d4                opencoap_init
                0x0020f348                opencoap_receive
                0x0020fbd2                opencoap_sendDone
                0x0020fc48                opencoap_writeLinks
                0x0020fd34                opencoap_register
                0x0020fd7c                opencoap_send
                0x0020febc                opencoap_get_option_class
                0x0020ff84                opencoap_options_encode
                0x002101b4                opencoap_find_option
                0x00210238                opencoap_options_parse
                0x002103b6                opencoap_handle_proxy_scheme
                0x0021059c                opencoap_handle_stateless_proxy
                0x00210732                opencoap_header_encode
                0x002107b8                opencoap_add_stateless_proxy_option
                0x00210830                opencoap_forward_message
 .text          0x00210918      0x1e4 build\openmote-cc2538_armgcc\openapps\libopenapps.a(chang.o)
                0x00210918                chang_init
                0x00210988                chang_sendDone
                0x002109ac                chang_receive
                0x002109ce                chang_timer_cb
                0x002109e4                chang_task_cb
 .text          0x00210afc      0xc88 build\openmote-cc2538_armgcc\openapps\libopenapps.a(openoscoap.o)
                0x00210afc                openoscoap_init_security_context
                0x00210c16                openoscoap_protect_message
                0x00210e80                openoscoap_unprotect_message
                0x002110ca                openoscoap_get_sequence_number
                0x00211104                openoscoap_parse_compressed_COSE
                0x002111dc                hkdf_derive_parameter
                0x00211344                is_request
                0x00211376                openoscoap_construct_aad
                0x00211540                openoscoap_encode_compressed_COSE
                0x002115d8                xor_arrays
                0x00211620                flip_first_bit
                0x00211652                replay_window_check
                0x002116b0                replay_window_update
                0x00211748                openoscoap_convert_sequence_number
 .text          0x00211784      0x47c build\openmote-cc2538_armgcc\openapps\libopenapps.a(hkdf.o)
                0x00211784                hkdf
                0x002117e6                hkdfExtract
                0x00211844                hkdfExpand
                0x00211a18                hkdfReset
                0x00211a84                hkdfInput
                0x00211ade                hkdfFinalBits
                0x00211b3a                hkdfResult
 .text          0x00211c00      0x42a build\openmote-cc2538_armgcc\openapps\libopenapps.a(hmac.o)
                0x00211c00                hmac
                0x00211c76                hmacReset
                0x00211e84                hmacInput
                0x00211eea                hmacFinalBits
                0x00211f52                hmacResult
 .text          0x0021202a      0x1f2 build\openmote-cc2538_armgcc\openapps\libopenapps.a(cborencoder.o)
                0x0021202a                cborencoder_put_text
                0x002120a8                cborencoder_put_array
                0x002120e4                cborencoder_put_bytes
                0x00212162                cborencoder_put_unsigned
                0x002121b8                cborencoder_put_null
                0x002121e0                cborencoder_put_map
 .text          0x0021221c      0x16c build\openmote-cc2538_armgcc\openapps\libopenapps.a(usha.o)
                0x0021221c                USHAReset
                0x00212256                USHAInput
                0x00212290                USHAFinalBits
                0x002122cc                USHAResult
                0x00212302                USHABlockSize
                0x00212322                USHAHashSize
                0x00212342                USHAHashSizeBits
                0x00212364                USHAHashName
 .text          0x00212388      0x824 build\openmote-cc2538_armgcc\openapps\libopenapps.a(sha224-256.o)
                0x00212388                SHA224Reset
                0x002123a8                SHA224Input
                0x002123c8                SHA224FinalBits
                0x002123ec                SHA224Result
                0x0021240a                SHA256Reset
                0x00212428                SHA256Input
                0x0021250c                SHA256FinalBits
                0x002125dc                SHA256Result
 .text          0x00212bac      0x13c build\openmote-cc2538_armgcc\kernel\openos\libkernel.a(scheduler.o)
                0x00212bac                scheduler_init
                0x00212bd0                scheduler_start
                0x00212c30                scheduler_push_task
 .text          0x00212ce8     0x1314 build\openmote-cc2538_armgcc\drivers\libdrivers.a(openserial.o)
                0x00212ce8                openserial_init
                0x00212d90                openserial_register
                0x00212dac                openserial_printStatus
                0x00212e22                openserial_printInfo
                0x00212e5c                openserial_printError
                0x00212e9a                new_openserial_printError
                0x00212ed8                openserial_printCritical
                0x00212f38                openserial_printData
                0x00212fd4                openserial_printSniffedPacket
                0x0021304a                openserial_print_uint32_t
                0x0021309c                openserial_print_str
                0x0021313a                task_openserial_debugPrint
                0x00213274                openserial_getInputBufferFillLevel
                0x0021329c                openserial_getInputBuffer
                0x00213308                openserial_flush
                0x00213394                openserial_inhibitStart
                0x002133b0                openserial_inhibitStop
                0x002133d4                debugPrint_outBufferIndexes
                0x0021340c                openserial_printInfoErrorCritical
                0x002134a8                openserial_handleRxFrame
                0x00213560                openserial_handleEcho
                0x0021357e                openserial_get6pInfo
                0x0021386c                openserial_handleCommands
                0x00213c3c                openserial_debugPrint_timer_cb
                0x00213c52                openserial_board_reset_cb
                0x00213c68                outputHdlcOpen
                0x00213ca4                outputHdlcWrite
                0x00213d2c                outputHdlcClose
                0x00213d88                inputHdlcOpen
                0x00213dac                inputHdlcWrite
                0x00213e28                inputHdlcClose
                0x00213e60                task_printInputBufferOverflow
                0x00213e74                task_printWrongCRCInput
                0x00213e88                isr_openserial_tx
                0x00213f18                isr_openserial_rx
 .text          0x00213ffc      0xb20 build\openmote-cc2538_armgcc\drivers\libdrivers.a(opentimers.o)
                0x00213ffc                opentimers_init
                0x00214020                opentimers_create
                0x002140e8                opentimers_scheduleIn
                0x00214354                opentimers_scheduleAbsolute
                0x002145b4                opentimers_updateDuration
                0x002145e8                opentimers_cancel
                0x00214630                opentimers_destroy
                0x0021466c                opentimers_getValue
                0x0021467a                opentimers_getCurrentCompareValue
                0x00214690                opentimers_isRunning
                0x002146bc                opentimers_timer_callback
 .text          0x00214b1c       0x38 build\openmote-cc2538_armgcc\drivers\libdrivers.a(openhdlc.o)
                0x00214b1c                crcIteration
 .text          0x00214b54      0x3b0 build\openmote-cc2538_armgcc\bsp\boards\libbsp.a(board.o)
                0x00214b54                main
                0x00214b62                board_init
                0x00214ba8                board_sleep
                0x00214bba                board_timer_init
                0x00214bd8                board_timer_get
                0x00214bfc                board_timer_expired
                0x00214c34                board_reset
 .text          0x00214f04      0x240 build\openmote-cc2538_armgcc\bsp\boards\libbsp.a(cryptoengine.o)
                0x00214f04                cryptoengine_init
                0x00214f1e                cryptoengine_aes_ccms_enc
                0x00214fdc                cryptoengine_aes_ccms_dec
                0x0021509c                cryptoengine_aes_ecb_enc
 .text          0x00215144      0x28c build\openmote-cc2538_armgcc\bsp\boards\libbsp.a(debugpins.o)
                0x00215144                debugpins_init
                0x00215178                debugpins_frame_toggle
                0x0021518c                debugpins_frame_clr
                0x002151a4                debugpins_frame_set
                0x002151bc                debugpins_slot_toggle
                0x002151d0                debugpins_slot_clr
                0x002151e8                debugpins_slot_set
                0x00215200                debugpins_fsm_toggle
                0x00215214                debugpins_fsm_clr
                0x0021522c                debugpins_fsm_set
                0x00215244                debugpins_task_toggle
                0x00215258                debugpins_task_clr
                0x00215270                debugpins_task_set
                0x00215288                debugpins_isruarttx_toggle
                0x0021529c                debugpins_isruarttx_clr
                0x002152b4                debugpins_isruarttx_set
                0x002152cc                debugpins_isruartrx_toggle
                0x002152e0                debugpins_isruartrx_clr
                0x002152f8                debugpins_isruartrx_set
                0x00215310                debugpins_isr_toggle
                0x00215324                debugpins_isr_clr
                0x0021533c                debugpins_isr_set
                0x00215354                debugpins_radio_toggle
                0x00215368                debugpins_radio_clr
                0x00215380                debugpins_radio_set
                0x00215398                bspDBpinToggle
 .text          0x002153d0       0x58 build\openmote-cc2538_armgcc\bsp\boards\libbsp.a(eui64.o)
                0x002153d0                eui64_get
 .text          0x00215428      0x294 build\openmote-cc2538_armgcc\bsp\boards\libbsp.a(i2c.o)
                0x00215428                i2c_init
                0x002154b4                i2c_read_byte
                0x00215518                i2c_read_bytes
                0x002155a0                i2c_write_byte
                0x00215604                i2c_write_bytes
 .text          0x002156bc      0x3e4 build\openmote-cc2538_armgcc\bsp\boards\libbsp.a(leds.o)
                0x002156bc                leds_init
                0x002156dc                leds_error_on
                0x002156ea                leds_error_off
                0x002156f8                leds_error_toggle
                0x00215706                leds_error_isOn
                0x00215730                leds_sync_on
                0x0021573e                leds_sync_off
                0x0021574c                leds_sync_toggle
                0x0021575a                leds_sync_isOn
                0x00215784                leds_radio_on
                0x00215792                leds_radio_off
                0x002157a0                leds_radio_toggle
                0x002157ae                leds_radio_isOn
                0x002157d4                leds_debug_on
                0x002157e2                leds_debug_off
                0x002157f0                leds_debug_toggle
                0x002157fe                leds_debug_isOn
                0x00215828                leds_all_on
                0x00215836                leds_all_off
                0x00215844                leds_all_toggle
                0x00215852                leds_error_blink
                0x002158b2                leds_circular_shift
                0x00215970                leds_increment
                0x00215a1c                bspLedSet
                0x00215a40                bspLedClear
                0x00215a64                bspLedToggle
 .text          0x00215aa0       0x70 build\openmote-cc2538_armgcc\bsp\boards\libbsp.a(pwm.o)
                0x00215aa0                pwm_init
                0x00215ae8                pwm_enable
                0x00215afc                pwm_disable
 .text          0x00215b10      0x630 build\openmote-cc2538_armgcc\bsp\boards\libbsp.a(radio.o)
                0x00215b10                radio_init
                0x00215c4c                radio_setStartFrameCb
                0x00215c68                radio_setEndFrameCb
                0x00215c84                radio_reset
                0x00215cd0                radio_setFrequency
                0x00215d1c                radio_rfOn
                0x00215d28                radio_rfOff
                0x00215d50                radio_loadPacket
                0x00215dc8                radio_txEnable
                0x00215de8                radio_txNow
                0x00215e38                radio_rxEnable
                0x00215e58                radio_rxNow
                0x00215e8c                radio_getReceivedFrame
                0x00215f58                enable_radio_interrupts
                0x00215f84                disable_radio_interrupts
                0x00215fa4                radio_on
                0x00215fbc                radio_off
                0x00215ffc                radio_isr
                0x0021600a                radio_isr_internal
                0x002160f8                radio_error_isr
 .text          0x00216140       0xec build\openmote-cc2538_armgcc\bsp\boards\libbsp.a(sctimer.o)
                0x00216140                sctimer_init
                0x00216168                sctimer_set_callback
                0x00216184                sctimer_setCompare
                0x002161d4                sctimer_readCounter
                0x002161e2                sctimer_enable
                0x002161f0                sctimer_disable
                0x002161fe                sctimer_isr_internal
 .text          0x0021622c      0x17c build\openmote-cc2538_armgcc\bsp\boards\libbsp.a(sensors.o)
                0x0021622c                sensors_init
                0x0021629c                sensors_is_present
                0x002162c4                sensors_getCallbackRead
                0x0021633c                sensors_getCallbackConvert
 .text          0x002163a8       0x84 build\openmote-cc2538_armgcc\bsp\boards\libbsp.a(startup_gcc.o)
                0x002163a8                NmiSR
                0x002163b2                FaultISR
                0x002163b8                IntDefaultHandler
                0x002163be                ResetISR
 .text          0x0021642c      0x268 build\openmote-cc2538_armgcc\bsp\boards\libbsp.a(uart.o)
                0x0021642c                uart_init
                0x002164c4                uart_setCallbacks
                0x002164e8                uart_enableInterrupts
                0x002164fc                uart_disableInterrupts
                0x00216510                uart_clearRxInterrupts
                0x00216524                uart_clearTxInterrupts
                0x00216538                uart_writeByte
                0x00216584                uart_readByte
                0x002165a4                uart_setCTS
                0x0021662c                uart_tx_isr
                0x00216674                uart_rx_isr
 .text          0x00216694      0x364 build\openmote-cc2538_armgcc\bsp\boards\libbsp.a(aes.o)
                0x00216694                AESLoadKey
                0x00216814                AESECBStart
                0x0021691c                AESECBCheckResult
                0x00216964                AESECBGetResult
 .text          0x002169f8      0x718 build\openmote-cc2538_armgcc\bsp\boards\libbsp.a(ccm.o)
                0x002169f8                CCMAuthEncryptStart
                0x00216c20                CCMAuthEncryptCheckResult
                0x00216c68                CCMAuthEncryptGetResult
                0x00216d7c                CCMInvAuthDecryptStart
                0x00216f98                CCMInvAuthDecryptCheckResult
                0x00216fa6                CCMInvAuthDecryptGetResult
 .text          0x00217110      0x218 build\openmote-cc2538_armgcc\bsp\boards\libbsp.a(flash.o)
                0x00217110                FlashMainPageErase
                0x00217140                FlashUpperPageErase
                0x0021717c                FlashMainPageProgram
                0x002171b0                FlashUpperPageProgram
                0x002171f4                FlashGet
                0x0021720a                FlashCacheModeGet
                0x00217224                FlashCacheModeSet
                0x00217268                FlashSizeGet
                0x002172dc                FlashSramSizeGet
 .text          0x00217328      0x814 build\openmote-cc2538_armgcc\bsp\boards\libbsp.a(gpio.o)
                0x00217328                GPIOGetIntNumber
                0x0021738c                GPIODirModeSet
                0x00217400                GPIODirModeGet
                0x00217458                GPIOIntTypeSet
                0x002174fa                GPIOIntTypeGet
                0x0021756e                GPIOPinIntEnable
                0x00217598                GPIOPinIntDisable
                0x002175c6                GPIOPinIntStatus
                0x002175f4                GPIOPinIntClear
                0x00217616                GPIOPortIntRegister
                0x0021763e                GPIOPortIntUnregister
                0x00217662                GPIOPinRead
                0x00217684                GPIOPinWrite
                0x002176ae                GPIOPinTypeGPIOInput
                0x002176da                GPIOPinTypeGPIOOutput
                0x00217706                GPIOPinTypeI2C
                0x00217732                GPIOPinTypeSSI
                0x0021775e                GPIOPinTypeTimer
                0x0021778a                GPIOPinTypeUARTInput
                0x002177b6                GPIOPinTypeUARTOutput
                0x002177e2                GPIOPowIntTypeSet
                0x0021787c                GPIOPowIntTypeGet
                0x002178fc                GPIOPowIntEnable
                0x00217978                GPIOPowIntDisable
                0x002179f4                GPIOPowIntStatus
                0x00217a78                GPIOPowIntClear
                0x00217af4                GPIOIntWakeupEnable
                0x00217b18                GPIOIntWakeupDisable
 .text          0x00217b3c      0x58c build\openmote-cc2538_armgcc\bsp\boards\libbsp.a(gptimer.o)
                0x00217b3c                TimerEnable
                0x00217b66                TimerDisable
                0x00217b92                TimerConfigure
                0x00217be0                TimerControlLevel
                0x00217c26                TimerControlTrigger
                0x00217c6c                TimerControlEvent
                0x00217ca6                TimerControlStall
                0x00217cec                TimerControlWaitOnTrigger
                0x00217d66                TimerPrescaleSet
                0x00217da2                TimerPrescaleGet
                0x00217dca                TimerPrescaleMatchSet
                0x00217e06                TimerPrescaleMatchGet
                0x00217e2e                TimerLoadSet
                0x00217e6a                TimerLoadGet
                0x00217e92                TimerValueGet
                0x00217eba                TimerMatchSet
                0x00217ef6                TimerMatchGet
                0x00217f1e                TimerIntRegister
                0x00217f9c                TimerIntUnregister
                0x00218014                TimerIntEnable
                0x0021803a                TimerIntDisable
                0x00218060                TimerIntStatus
                0x0021808a                TimerIntClear
                0x002180a8                TimerSynchronize
 .text          0x002180c8      0x430 build\openmote-cc2538_armgcc\bsp\boards\libbsp.a(i2c_lib.o)
                0x002180c8                I2CMasterInitExpClk
                0x00218128                I2CSlaveInit
                0x00218148                I2CMasterEnable
                0x00218164                I2CSlaveEnable
                0x0021818c                I2CMasterDisable
                0x002181a8                I2CSlaveDisable
                0x002181d0                I2CIntRegister
                0x002181ee                I2CIntUnregister
                0x00218202                I2CMasterIntEnable
                0x00218218                I2CSlaveIntEnable
                0x00218234                I2CSlaveIntEnableEx
                0x00218258                I2CMasterIntDisable
                0x00218270                I2CSlaveIntDisable
                0x0021828c                I2CSlaveIntDisableEx
                0x002182b0                I2CMasterIntStatus
                0x002182f0                I2CSlaveIntStatus
                0x00218330                I2CSlaveIntStatusEx
                0x0021835c                I2CMasterIntClear
                0x0021837c                I2CSlaveIntClear
                0x00218394                I2CSlaveIntClearEx
                0x002183b0                I2CMasterSlaveAddrSet
                0x002183dc                I2CMasterBusy
                0x00218400                I2CMasterBusBusy
                0x00218424                I2CMasterControl
                0x00218440                I2CMasterErr
                0x0021847c                I2CMasterDataPut
                0x0021849c                I2CMasterDataGet
                0x002184b0                I2CSlaveStatus
                0x002184c4                I2CSlaveDataPut
                0x002184e4                I2CSlaveDataGet
 .text          0x002184f8      0x458 build\openmote-cc2538_armgcc\bsp\boards\libbsp.a(interrupt.o)
                0x002184fe                IntMasterEnable
                0x00218516                IntMasterDisable
                0x0021852e                IntRegister
                0x00218590                IntUnregister
                0x002185b4                IntPriorityGroupingSet
                0x002185e4                IntPriorityGroupingGet
                0x0021862c                IntPrioritySet
                0x00218694                IntPriorityGet
                0x002186c4                IntEnable
                0x00218758                IntDisable
                0x002187ec                IntPendSet
                0x00218868                IntPendClear
                0x002188d0                IntPriorityMaskSet
                0x002188e6                IntPriorityMaskGet
                0x002188f4                IntAltMapEnable
                0x00218910                IntAltMapDisable
                0x0021892c                IntAltMapIsEnabled
 .text          0x00218950      0x578 build\openmote-cc2538_armgcc\bsp\boards\libbsp.a(ioc.o)
                0x00218950                IOCPinConfigPeriphOutput
                0x00218a18                IOCPinConfigPeriphInput
                0x00218bcc                IOCPadConfigSet
                0x00218c98                IOCPadConfigGet
 .text          0x00218ec8      0x1ac build\openmote-cc2538_armgcc\bsp\boards\libbsp.a(sleepmode.o)
                0x00218ec8                SleepModeIntRegister
                0x00218ee6                SleepModeIntUnregister
                0x00218efa                SleepModeTimerCountGet
                0x00218f48                SleepModeCaptureConfig
                0x00218f80                SleepModeTimerCompareSet
                0x00218fd8                SleepModeCaptureGet
                0x00219024                SleepModeCaptureIsValid
                0x0021904c                SleepModeCaptureNew
 .text          0x00219074      0x664 build\openmote-cc2538_armgcc\bsp\boards\libbsp.a(sys_ctrl.o)
                0x00219074                SysCtrlClockSet
                0x00219130                SysCtrlClockGet
                0x002191d4                SysCtrlIOClockSet
                0x00219208                SysCtrlIOClockGet
                0x002192b0                SysCtrlDelay
                0x002192ba                SysCtrlReset
                0x002192cc                SysCtrlSleep
                0x002192d8                SysCtrlDeepSleep
                0x002193b8                SysCtrlPeripheralPresent
                0x00219434                SysCtrlPeripheralReset
                0x002194c0                SysCtrlPeripheralEnable
                0x00219508                SysCtrlPeripheralDisable
                0x00219550                SysCtrlPeripheralSleepEnable
                0x00219598                SysCtrlPeripheralSleepDisable
                0x002195e0                SysCtrlPeripheralDeepSleepEnable
                0x00219628                SysCtrlPeripheralDeepSleepDisable
                0x00219670                SysCtrlPowerModeSet
                0x0021968c                SysCtrlPowerModeGet
                0x002196b0                SysCtrlClockLossDetectEnable
 .text          0x002196d8      0x6d0 build\openmote-cc2538_armgcc\bsp\boards\libbsp.a(uarthal.o)
                0x002196d8                UARTParityModeSet
                0x00219702                UARTParityModeGet
                0x0021971e                UARTFIFOLevelSet
                0x00219742                UARTFIFOLevelGet
                0x00219774                UARTConfigSetExpClk
                0x00219800                UARTConfigGetExpClk
                0x00219862                UARTEnable
                0x00219898                UARTDisable
                0x002198de                UARTFIFOEnable
                0x00219900                UARTFIFODisable
                0x00219922                UARTEnableSIR
                0x00219960                UARTDisableSIR
                0x00219982                UARTTxIntModeSet
                0x002199ac                UARTTxIntModeGet
                0x002199c8                UARTCharsAvail
                0x002199ee                UARTSpaceAvail
                0x00219a14                UARTCharGetNonBlocking
                0x00219a3e                UARTCharGet
                0x00219a64                UARTCharPutNonBlocking
                0x00219a94                UARTCharPut
                0x00219ac0                UARTBreakCtl
                0x00219af8                UARTBusy
                0x00219b1e                UARTIntRegister
                0x00219b54                UARTIntUnregister
                0x00219b84                UARTIntEnable
                0x00219baa                UARTIntDisable
                0x00219bd0                UARTIntStatus
                0x00219bfa                UARTIntClear
                0x00219c18                UARTDMAEnable
                0x00219c3e                UARTDMADisable
                0x00219c64                UARTRxErrorGet
                0x00219c80                UARTRxErrorClear
                0x00219c9c                UARTClockSourceSet
                0x00219cbc                UARTClockSourceGet
                0x00219cd6                UART9BitEnable
                0x00219cf8                UART9BitDisable
                0x00219d1a                UART9BitAddrSet
                0x00219d48                UART9BitAddrSend
 .text          0x00219da8      0x18c build\openmote-cc2538_armgcc\bsp\boards\libbsp.a(adxl346.o)
                0x00219da8                adxl346_init
                0x00219df2                adxl346_reset
                0x00219dfe                adxl346_is_present
                0x00219e2a                adxl346_read_x
                0x00219e70                adxl346_read_y
                0x00219eb6                adxl346_read_z
                0x00219efc                adxl346_convert_acceleration
 .text          0x00219f34      0x1d4 build\openmote-cc2538_armgcc\bsp\boards\libbsp.a(max44009.o)
                0x00219f34                max44009_init
                0x00219fa4                max44009_reset
                0x0021a014                max44009_is_present
                0x0021a048                max44009_read_light
                0x0021a0aa                max44009_convert_light
 .text          0x0021a108      0x238 build\openmote-cc2538_armgcc\bsp\boards\libbsp.a(sht21.o)
                0x0021a108                sht21_init
                0x0021a156                sht21_reset
                0x0021a166                sht21_is_present
                0x0021a1a8                sht21_read_temperature
                0x0021a1e2                sht21_convert_temperature
                0x0021a258                sht21_read_humidity
                0x0021a292                sht21_convert_humidity
 .text          0x0021a340       0xe8 build\openmote-cc2538_armgcc\bsp\boards\libbsp.a(adc_sensor.o)
                0x0021a340                adc_sensor_init
                0x0021a370                adc_sens_read_temperature
                0x0021a3a2                adc_sens_convert_temperature
 .text          0x0021a428       0xf4 build\openmote-cc2538_armgcc\bsp\boards\libbsp.a(adc.o)
                0x0021a428                SOCADCIntRegister
                0x0021a446                SOCADCIntUnregister
                0x0021a45a                SOCADCSingleConfigure
                0x0021a494                SOCADCSingleStart
                0x0021a4c0                SOCADCDataGet
                0x0021a4f8                SOCADCEndOfCOnversionGet
 .text          0x0021a51c       0x4e build\openmote-cc2538_armgcc\bsp\boards\libbsp.a(cpu.o)
                0x0021a51c                CPUcpsid
                0x0021a52a                CPUprimask
                0x0021a536                CPUcpsie
                0x0021a544                CPUwfi
                0x0021a54a                CPUwfe
                0x0021a550                CPUsev
                0x0021a556                CPUbasepriSet
                0x0021a55e                CPUbasepriGet
 *fill*         0x0021a56a        0x2 00000000
 .text          0x0021a56c      0x378 c:/program files (x86)/gnu tools arm embedded/7 2018-q2-update/bin/../lib/gcc/arm-none-eabi/7.3.1/thumb/v7-m\libgcc.a(_arm_addsubdf3.o)
                0x0021a56c                __aeabi_drsub
                0x0021a574                __aeabi_dsub
                0x0021a574                __subdf3
                0x0021a578                __aeabi_dadd
                0x0021a578                __adddf3
                0x0021a7f0                __floatunsidf
                0x0021a7f0                __aeabi_ui2d
                0x0021a810                __floatsidf
                0x0021a810                __aeabi_i2d
                0x0021a834                __aeabi_f2d
                0x0021a834                __extendsfdf2
                0x0021a878                __floatundidf
                0x0021a878                __aeabi_ul2d
                0x0021a888                __floatdidf
                0x0021a888                __aeabi_l2d
 .text          0x0021a8e4      0x424 c:/program files (x86)/gnu tools arm embedded/7 2018-q2-update/bin/../lib/gcc/arm-none-eabi/7.3.1/thumb/v7-m\libgcc.a(_arm_muldivdf3.o)
                0x0021a8e4                __aeabi_dmul
                0x0021a8e4                __muldf3
                0x0021ab38                __divdf3
                0x0021ab38                __aeabi_ddiv
 .text          0x0021ad08       0xa0 c:/program files (x86)/gnu tools arm embedded/7 2018-q2-update/bin/../lib/gcc/arm-none-eabi/7.3.1/thumb/v7-m\libgcc.a(_arm_truncdfsf2.o)
                0x0021ad08                __truncdfsf2
                0x0021ad08                __aeabi_d2f
 .text          0x0021ada8      0x21c c:/program files (x86)/gnu tools arm embedded/7 2018-q2-update/bin/../lib/gcc/arm-none-eabi/7.3.1/thumb/v7-m\libgcc.a(_arm_addsubsf3.o)
                0x0021ada8                __aeabi_frsub
                0x0021adb0                __subsf3
                0x0021adb0                __aeabi_fsub
                0x0021adb4                __aeabi_fadd
                0x0021adb4                __addsf3
                0x0021af14                __aeabi_ui2f
                0x0021af14                __floatunsisf
                0x0021af1c                __aeabi_i2f
                0x0021af1c                __floatsisf
                0x0021af38                __aeabi_ul2f
                0x0021af38                __floatundisf
                0x0021af48                __aeabi_l2f
                0x0021af48                __floatdisf
 .text          0x0021afc4      0x2a0 c:/program files (x86)/gnu tools arm embedded/7 2018-q2-update/bin/../lib/gcc/arm-none-eabi/7.3.1/thumb/v7-m\libgcc.a(_arm_muldivsf3.o)
                0x0021afc4                __mulsf3
                0x0021afc4                __aeabi_fmul
                0x0021b12c                __aeabi_fdiv
                0x0021b12c                __divsf3
 .text          0x0021b264        0x0 c:/program files (x86)/gnu tools arm embedded/7 2018-q2-update/bin/../lib/gcc/arm-none-eabi/7.3.1/../../../../arm-none-eabi/lib/thumb/v7-m\libg.a(lib_a-memcmp.o)
 .text.memcmp   0x0021b264       0x64 c:/program files (x86)/gnu tools arm embedded/7 2018-q2-update/bin/../lib/gcc/arm-none-eabi/7.3.1/../../../../arm-none-eabi/lib/thumb/v7-m\libg.a(lib_a-memcmp.o)
                0x0021b264                memcmp
 .text          0x0021b2c8       0xec c:/program files (x86)/gnu tools arm embedded/7 2018-q2-update/bin/../lib/gcc/arm-none-eabi/7.3.1/../../../../arm-none-eabi/lib/thumb/v7-m\libg.a(lib_a-memcpy.o)
                0x0021b2c8                memcpy
 .text          0x0021b3b4        0x0 c:/program files (x86)/gnu tools arm embedded/7 2018-q2-update/bin/../lib/gcc/arm-none-eabi/7.3.1/../../../../arm-none-eabi/lib/thumb/v7-m\libg.a(lib_a-memset.o)
 .text.memset   0x0021b3b4       0x94 c:/program files (x86)/gnu tools arm embedded/7 2018-q2-update/bin/../lib/gcc/arm-none-eabi/7.3.1/../../../../arm-none-eabi/lib/thumb/v7-m\libg.a(lib_a-memset.o)
                0x0021b3b4                memset
 *(.rodata*)
 .rodata        0x0021b448       0x2d build\openmote-cc2538_armgcc\projects\common\03oos_openwsn\03oos_openwsn.o
 *fill*         0x0021b475        0x3 00000000
 .rodata        0x0021b478       0x74 build\openmote-cc2538_armgcc\openstack\libopenstack.a(openstack.o)
 .rodata        0x0021b4ec       0x74 build\openmote-cc2538_armgcc\openstack\libopenstack.a(IEEE802154E.o)
 .rodata        0x0021b560       0x74 build\openmote-cc2538_armgcc\openstack\libopenstack.a(IEEE802154_security.o)
 .rodata        0x0021b5d4       0x74 build\openmote-cc2538_armgcc\openstack\libopenstack.a(neighbors.o)
 .rodata        0x0021b648       0x74 build\openmote-cc2538_armgcc\openstack\libopenstack.a(msf.o)
 .rodata        0x0021b6bc       0x74 build\openmote-cc2538_armgcc\openstack\libopenstack.a(schedule.o)
 .rodata        0x0021b730       0x74 build\openmote-cc2538_armgcc\openstack\libopenstack.a(sixtop.o)
 .rodata        0x0021b7a4       0x7d build\openmote-cc2538_armgcc\openstack\libopenstack.a(iphc.o)
 *fill*         0x0021b821        0x3 00000000
 .rodata        0x0021b824       0x38 build\openmote-cc2538_armgcc\openstack\libopenstack.a(openbridge.o)
 .rodata        0x0021b85c       0x48 build\openmote-cc2538_armgcc\openstack\libopenstack.a(forwarding.o)
 .rodata        0x0021b8a4       0x40 build\openmote-cc2538_armgcc\openstack\libopenstack.a(icmpv6.o)
 .rodata        0x0021b8e4       0x2d build\openmote-cc2538_armgcc\openstack\libopenstack.a(icmpv6echo.o)
 *fill*         0x0021b911        0x3 00000000
 .rodata        0x0021b914       0x74 build\openmote-cc2538_armgcc\openstack\libopenstack.a(icmpv6rpl.o)
 .rodata        0x0021b988       0x80 build\openmote-cc2538_armgcc\openstack\libopenstack.a(openudp.o)
 .rodata        0x0021ba08       0x48 build\openmote-cc2538_armgcc\openstack\libopenstack.a(idmanager.o)
 .rodata        0x0021ba50       0x5c build\openmote-cc2538_armgcc\openstack\libopenstack.a(openqueue.o)
 .rodata        0x0021baac       0x38 build\openmote-cc2538_armgcc\openstack\libopenstack.a(openrandom.o)
 .rodata        0x0021bae4       0x38 build\openmote-cc2538_armgcc\openstack\libopenstack.a(packetfunctions.o)
 .rodata        0x0021bb1c       0x64 build\openmote-cc2538_armgcc\openstack\libopenstack.a(IEEE802154.o)
 .rodata        0x0021bb80       0x38 build\openmote-cc2538_armgcc\openstack\libopenstack.a(topology.o)
 .rodata        0x0021bbb8       0x80 build\openmote-cc2538_armgcc\openapps\libopenapps.a(openapps_dyn.o)
 .rodata        0x0021bc38       0xac build\openmote-cc2538_armgcc\openapps\libopenapps.a(opencoap.o)
 .rodata        0x0021bce4       0x8c build\openmote-cc2538_armgcc\openapps\libopenapps.a(chang.o)
 .rodata        0x0021bd70       0x8d build\openmote-cc2538_armgcc\openapps\libopenapps.a(openoscoap.o)
 *fill*         0x0021bdfd        0x3 00000000
 .rodata        0x0021be00        0x1 build\openmote-cc2538_armgcc\openapps\libopenapps.a(hkdf.o)
 *fill*         0x0021be01        0x3 00000000
 .rodata        0x0021be04       0x2d build\openmote-cc2538_armgcc\openapps\libopenapps.a(cborencoder.o)
 *fill*         0x0021be31        0x3 00000000
 .rodata        0x0021be34        0x7 build\openmote-cc2538_armgcc\openapps\libopenapps.a(usha.o)
 *fill*         0x0021be3b        0x1 00000000
 .rodata        0x0021be3c      0x100 build\openmote-cc2538_armgcc\openapps\libopenapps.a(sha224-256.o)
 .rodata        0x0021bf3c       0x2d build\openmote-cc2538_armgcc\kernel\openos\libkernel.a(scheduler.o)
 *fill*         0x0021bf69        0x3 00000000
 .rodata        0x0021bf6c      0x274 build\openmote-cc2538_armgcc\drivers\libdrivers.a(openserial.o)
 .rodata        0x0021c1e0       0x2d build\openmote-cc2538_armgcc\drivers\libdrivers.a(opentimers.o)
 *fill*         0x0021c20d        0x3 00000000
 .rodata        0x0021c210      0x230 build\openmote-cc2538_armgcc\drivers\libdrivers.a(openhdlc.o)
 .rodata        0x0021c440       0x2d build\openmote-cc2538_armgcc\bsp\boards\libbsp.a(board.o)
 *fill*         0x0021c46d        0x3 00000000
 .rodata        0x0021c470       0x2d build\openmote-cc2538_armgcc\bsp\boards\libbsp.a(cryptoengine.o)
 *fill*         0x0021c49d        0x3 00000000
 .rodata        0x0021c4a0       0x23 build\openmote-cc2538_armgcc\bsp\boards\libbsp.a(debugpins.o)
 *fill*         0x0021c4c3        0x1 00000000
 .rodata        0x0021c4c4       0x23 build\openmote-cc2538_armgcc\bsp\boards\libbsp.a(leds.o)
 *fill*         0x0021c4e7        0x1 00000000
 .rodata        0x0021c4e8       0x23 build\openmote-cc2538_armgcc\bsp\boards\libbsp.a(pwm.o)
 *fill*         0x0021c50b        0x1 00000000
 .rodata        0x0021c50c       0x23 build\openmote-cc2538_armgcc\bsp\boards\libbsp.a(radio.o)
 *fill*         0x0021c52f        0x1 00000000
 .rodata        0x0021c530       0x23 build\openmote-cc2538_armgcc\bsp\boards\libbsp.a(sctimer.o)
 *fill*         0x0021c553        0x1 00000000
 .rodata        0x0021c554       0x23 build\openmote-cc2538_armgcc\bsp\boards\libbsp.a(sensors.o)
 *fill*         0x0021c577        0x1 00000000
 .rodata        0x0021c578       0x23 build\openmote-cc2538_armgcc\bsp\boards\libbsp.a(uart.o)
 *fill*         0x0021c59b        0x1 00000000
 .rodata        0x0021c59c      0x114 build\openmote-cc2538_armgcc\bsp\boards\libbsp.a(interrupt.o)
 .rodata        0x0021c6b0      0x100 build\openmote-cc2538_armgcc\bsp\boards\libbsp.a(ioc.o)
 .rodata        0x0021c7b0       0x74 build\openmote-cc2538_armgcc\bsp\boards\libbsp.a(sys_ctrl.o)
 .rodata        0x0021c824       0x15 build\openmote-cc2538_armgcc\bsp\boards\libbsp.a(max44009.o)
 *fill*         0x0021c839        0x3 00000000
 .rodata        0x0021c83c       0x23 build\openmote-cc2538_armgcc\bsp\boards\libbsp.a(adc_sensor.o)
                0x0021c85f                _etext = .

.glue_7         0x0021c860        0x0
 .glue_7        0x0021c860        0x0 linker stubs

.glue_7t        0x0021c860        0x0
 .glue_7t       0x0021c860        0x0 linker stubs

.vfp11_veneer   0x0021c860        0x0
 .vfp11_veneer  0x0021c860        0x0 linker stubs

.v4_bx          0x0021c860        0x0
 .v4_bx         0x0021c860        0x0 linker stubs

.iplt           0x0021c860        0x0
 .iplt          0x0021c860        0x0 build\openmote-cc2538_armgcc\projects\common\03oos_openwsn\03oos_openwsn.o

.data           0x20004000      0x2dc load address 0x0021c85f
                0x20004000                _data = .
 *(vtable)
 vtable         0x20004000      0x28c build\openmote-cc2538_armgcc\bsp\boards\libbsp.a(interrupt.o)
 *(.data*)
 .data          0x2000428c        0x0 build\openmote-cc2538_armgcc\projects\common\03oos_openwsn\03oos_openwsn.o
 .data          0x2000428c        0x0 build\openmote-cc2538_armgcc\openstack\libopenstack.a(openstack.o)
 .data          0x2000428c        0x0 build\openmote-cc2538_armgcc\openstack\libopenstack.a(IEEE802154E.o)
 .data          0x2000428c        0x0 build\openmote-cc2538_armgcc\openstack\libopenstack.a(IEEE802154_security.o)
 .data          0x2000428c        0x0 build\openmote-cc2538_armgcc\openstack\libopenstack.a(neighbors.o)
 .data          0x2000428c        0x0 build\openmote-cc2538_armgcc\openstack\libopenstack.a(msf.o)
 .data          0x2000428c        0x0 build\openmote-cc2538_armgcc\openstack\libopenstack.a(schedule.o)
 .data          0x2000428c        0x0 build\openmote-cc2538_armgcc\openstack\libopenstack.a(sixtop.o)
 .data          0x2000428c        0x0 build\openmote-cc2538_armgcc\openstack\libopenstack.a(iphc.o)
 .data          0x2000428c        0x0 build\openmote-cc2538_armgcc\openstack\libopenstack.a(openbridge.o)
 .data          0x2000428c        0x0 build\openmote-cc2538_armgcc\openstack\libopenstack.a(forwarding.o)
 .data          0x2000428c        0x0 build\openmote-cc2538_armgcc\openstack\libopenstack.a(icmpv6.o)
 .data          0x2000428c        0x0 build\openmote-cc2538_armgcc\openstack\libopenstack.a(icmpv6echo.o)
 .data          0x2000428c        0x0 build\openmote-cc2538_armgcc\openstack\libopenstack.a(icmpv6rpl.o)
 .data          0x2000428c        0x0 build\openmote-cc2538_armgcc\openstack\libopenstack.a(openudp.o)
 .data          0x2000428c        0x0 build\openmote-cc2538_armgcc\openstack\libopenstack.a(idmanager.o)
 .data          0x2000428c        0x0 build\openmote-cc2538_armgcc\openstack\libopenstack.a(openqueue.o)
 .data          0x2000428c        0x0 build\openmote-cc2538_armgcc\openstack\libopenstack.a(openrandom.o)
 .data          0x2000428c        0x0 build\openmote-cc2538_armgcc\openstack\libopenstack.a(packetfunctions.o)
 .data          0x2000428c        0x0 build\openmote-cc2538_armgcc\openstack\libopenstack.a(IEEE802154.o)
 .data          0x2000428c        0x0 build\openmote-cc2538_armgcc\openstack\libopenstack.a(topology.o)
 .data          0x2000428c        0x0 build\openmote-cc2538_armgcc\openapps\libopenapps.a(openapps_dyn.o)
 .data          0x2000428c        0x0 build\openmote-cc2538_armgcc\openapps\libopenapps.a(opencoap.o)
 .data          0x2000428c        0x0 build\openmote-cc2538_armgcc\openapps\libopenapps.a(chang.o)
 .data          0x2000428c        0x0 build\openmote-cc2538_armgcc\openapps\libopenapps.a(openoscoap.o)
 .data          0x2000428c        0x0 build\openmote-cc2538_armgcc\openapps\libopenapps.a(hkdf.o)
 .data          0x2000428c        0x0 build\openmote-cc2538_armgcc\openapps\libopenapps.a(hmac.o)
 .data          0x2000428c        0x0 build\openmote-cc2538_armgcc\openapps\libopenapps.a(cborencoder.o)
 .data          0x2000428c        0x0 build\openmote-cc2538_armgcc\openapps\libopenapps.a(usha.o)
 .data          0x2000428c       0x50 build\openmote-cc2538_armgcc\openapps\libopenapps.a(sha224-256.o)
 .data          0x200042dc        0x0 build\openmote-cc2538_armgcc\kernel\openos\libkernel.a(scheduler.o)
 .data          0x200042dc        0x0 build\openmote-cc2538_armgcc\drivers\libdrivers.a(openserial.o)
 .data          0x200042dc        0x0 build\openmote-cc2538_armgcc\drivers\libdrivers.a(opentimers.o)
 .data          0x200042dc        0x0 build\openmote-cc2538_armgcc\drivers\libdrivers.a(openhdlc.o)
 .data          0x200042dc        0x0 build\openmote-cc2538_armgcc\bsp\boards\libbsp.a(board.o)
 .data          0x200042dc        0x0 build\openmote-cc2538_armgcc\bsp\boards\libbsp.a(cryptoengine.o)
 .data          0x200042dc        0x0 build\openmote-cc2538_armgcc\bsp\boards\libbsp.a(debugpins.o)
 .data          0x200042dc        0x0 build\openmote-cc2538_armgcc\bsp\boards\libbsp.a(eui64.o)
 .data          0x200042dc        0x0 build\openmote-cc2538_armgcc\bsp\boards\libbsp.a(i2c.o)
 .data          0x200042dc        0x0 build\openmote-cc2538_armgcc\bsp\boards\libbsp.a(leds.o)
 .data          0x200042dc        0x0 build\openmote-cc2538_armgcc\bsp\boards\libbsp.a(pwm.o)
 .data          0x200042dc        0x0 build\openmote-cc2538_armgcc\bsp\boards\libbsp.a(radio.o)
 .data          0x200042dc        0x0 build\openmote-cc2538_armgcc\bsp\boards\libbsp.a(sctimer.o)
 .data          0x200042dc        0x0 build\openmote-cc2538_armgcc\bsp\boards\libbsp.a(sensors.o)
 .data          0x200042dc        0x0 build\openmote-cc2538_armgcc\bsp\boards\libbsp.a(startup_gcc.o)
 .data          0x200042dc        0x0 build\openmote-cc2538_armgcc\bsp\boards\libbsp.a(uart.o)
 .data          0x200042dc        0x0 build\openmote-cc2538_armgcc\bsp\boards\libbsp.a(aes.o)
 .data          0x200042dc        0x0 build\openmote-cc2538_armgcc\bsp\boards\libbsp.a(ccm.o)
 .data          0x200042dc        0x0 build\openmote-cc2538_armgcc\bsp\boards\libbsp.a(flash.o)
 .data          0x200042dc        0x0 build\openmote-cc2538_armgcc\bsp\boards\libbsp.a(gpio.o)
 .data          0x200042dc        0x0 build\openmote-cc2538_armgcc\bsp\boards\libbsp.a(gptimer.o)
 .data          0x200042dc        0x0 build\openmote-cc2538_armgcc\bsp\boards\libbsp.a(i2c_lib.o)
 .data          0x200042dc        0x0 build\openmote-cc2538_armgcc\bsp\boards\libbsp.a(interrupt.o)
 .data          0x200042dc        0x0 build\openmote-cc2538_armgcc\bsp\boards\libbsp.a(ioc.o)
 .data          0x200042dc        0x0 build\openmote-cc2538_armgcc\bsp\boards\libbsp.a(sleepmode.o)
 .data          0x200042dc        0x0 build\openmote-cc2538_armgcc\bsp\boards\libbsp.a(sys_ctrl.o)
 .data          0x200042dc        0x0 build\openmote-cc2538_armgcc\bsp\boards\libbsp.a(uarthal.o)
 .data          0x200042dc        0x0 build\openmote-cc2538_armgcc\bsp\boards\libbsp.a(adxl346.o)
 .data          0x200042dc        0x0 build\openmote-cc2538_armgcc\bsp\boards\libbsp.a(max44009.o)
 .data          0x200042dc        0x0 build\openmote-cc2538_armgcc\bsp\boards\libbsp.a(sht21.o)
 .data          0x200042dc        0x0 build\openmote-cc2538_armgcc\bsp\boards\libbsp.a(adc_sensor.o)
 .data          0x200042dc        0x0 build\openmote-cc2538_armgcc\bsp\boards\libbsp.a(adc.o)
 .data          0x200042dc        0x0 build\openmote-cc2538_armgcc\bsp\boards\libbsp.a(cpu.o)
 .data          0x200042dc        0x0 c:/program files (x86)/gnu tools arm embedded/7 2018-q2-update/bin/../lib/gcc/arm-none-eabi/7.3.1/thumb/v7-m\libgcc.a(_arm_addsubdf3.o)
 .data          0x200042dc        0x0 c:/program files (x86)/gnu tools arm embedded/7 2018-q2-update/bin/../lib/gcc/arm-none-eabi/7.3.1/thumb/v7-m\libgcc.a(_arm_muldivdf3.o)
 .data          0x200042dc        0x0 c:/program files (x86)/gnu tools arm embedded/7 2018-q2-update/bin/../lib/gcc/arm-none-eabi/7.3.1/thumb/v7-m\libgcc.a(_arm_truncdfsf2.o)
 .data          0x200042dc        0x0 c:/program files (x86)/gnu tools arm embedded/7 2018-q2-update/bin/../lib/gcc/arm-none-eabi/7.3.1/thumb/v7-m\libgcc.a(_arm_addsubsf3.o)
 .data          0x200042dc        0x0 c:/program files (x86)/gnu tools arm embedded/7 2018-q2-update/bin/../lib/gcc/arm-none-eabi/7.3.1/thumb/v7-m\libgcc.a(_arm_muldivsf3.o)
 .data          0x200042dc        0x0 c:/program files (x86)/gnu tools arm embedded/7 2018-q2-update/bin/../lib/gcc/arm-none-eabi/7.3.1/../../../../arm-none-eabi/lib/thumb/v7-m\libg.a(lib_a-memcmp.o)
 .data          0x200042dc        0x0 c:/program files (x86)/gnu tools arm embedded/7 2018-q2-update/bin/../lib/gcc/arm-none-eabi/7.3.1/../../../../arm-none-eabi/lib/thumb/v7-m\libg.a(lib_a-memcpy.o)
 .data          0x200042dc        0x0 c:/program files (x86)/gnu tools arm embedded/7 2018-q2-update/bin/../lib/gcc/arm-none-eabi/7.3.1/../../../../arm-none-eabi/lib/thumb/v7-m\libg.a(lib_a-memset.o)
                0x200042dc                _edata = .

.igot.plt       0x200042dc        0x0 load address 0x0021cb3c
 .igot.plt      0x200042dc        0x0 build\openmote-cc2538_armgcc\projects\common\03oos_openwsn\03oos_openwsn.o

.ARM.exidx
 *(.ARM.exidx*)

.bss            0x200042dc     0x27f8 load address 0x0021cb3c
                0x200042dc                _bss = .
 *(.bss*)
 .bss           0x200042dc        0x0 build\openmote-cc2538_armgcc\projects\common\03oos_openwsn\03oos_openwsn.o
 .bss           0x200042dc        0x0 build\openmote-cc2538_armgcc\openstack\libopenstack.a(openstack.o)
 .bss           0x200042dc        0x0 build\openmote-cc2538_armgcc\openstack\libopenstack.a(IEEE802154E.o)
 .bss           0x200042dc        0x0 build\openmote-cc2538_armgcc\openstack\libopenstack.a(IEEE802154_security.o)
 .bss           0x200042dc      0x4b4 build\openmote-cc2538_armgcc\openstack\libopenstack.a(neighbors.o)
 .bss           0x20004790        0x0 build\openmote-cc2538_armgcc\openstack\libopenstack.a(msf.o)
 .bss           0x20004790        0x0 build\openmote-cc2538_armgcc\openstack\libopenstack.a(schedule.o)
 .bss           0x20004790        0x0 build\openmote-cc2538_armgcc\openstack\libopenstack.a(sixtop.o)
 .bss           0x20004790        0x4 build\openmote-cc2538_armgcc\openstack\libopenstack.a(iphc.o)
 .bss           0x20004794        0x0 build\openmote-cc2538_armgcc\openstack\libopenstack.a(openbridge.o)
 .bss           0x20004794        0x0 build\openmote-cc2538_armgcc\openstack\libopenstack.a(forwarding.o)
 .bss           0x20004794        0x0 build\openmote-cc2538_armgcc\openstack\libopenstack.a(icmpv6.o)
 .bss           0x20004794        0x0 build\openmote-cc2538_armgcc\openstack\libopenstack.a(icmpv6echo.o)
 .bss           0x20004794        0x0 build\openmote-cc2538_armgcc\openstack\libopenstack.a(icmpv6rpl.o)
 .bss           0x20004794        0x0 build\openmote-cc2538_armgcc\openstack\libopenstack.a(openudp.o)
 .bss           0x20004794        0x0 build\openmote-cc2538_armgcc\openstack\libopenstack.a(idmanager.o)
 .bss           0x20004794        0x0 build\openmote-cc2538_armgcc\openstack\libopenstack.a(openqueue.o)
 .bss           0x20004794        0x0 build\openmote-cc2538_armgcc\openstack\libopenstack.a(openrandom.o)
 .bss           0x20004794        0x0 build\openmote-cc2538_armgcc\openstack\libopenstack.a(packetfunctions.o)
 .bss           0x20004794        0x0 build\openmote-cc2538_armgcc\openstack\libopenstack.a(IEEE802154.o)
 .bss           0x20004794        0x0 build\openmote-cc2538_armgcc\openstack\libopenstack.a(topology.o)
 .bss           0x20004794        0x0 build\openmote-cc2538_armgcc\openapps\libopenapps.a(openapps_dyn.o)
 .bss           0x20004794        0x0 build\openmote-cc2538_armgcc\openapps\libopenapps.a(opencoap.o)
 .bss           0x20004794        0x0 build\openmote-cc2538_armgcc\openapps\libopenapps.a(chang.o)
 .bss           0x20004794        0x0 build\openmote-cc2538_armgcc\openapps\libopenapps.a(openoscoap.o)
 .bss           0x20004794        0x0 build\openmote-cc2538_armgcc\openapps\libopenapps.a(hkdf.o)
 .bss           0x20004794        0x0 build\openmote-cc2538_armgcc\openapps\libopenapps.a(hmac.o)
 .bss           0x20004794        0x0 build\openmote-cc2538_armgcc\openapps\libopenapps.a(cborencoder.o)
 .bss           0x20004794        0x0 build\openmote-cc2538_armgcc\openapps\libopenapps.a(usha.o)
 .bss           0x20004794        0x4 build\openmote-cc2538_armgcc\openapps\libopenapps.a(sha224-256.o)
 .bss           0x20004798        0x0 build\openmote-cc2538_armgcc\kernel\openos\libkernel.a(scheduler.o)
 .bss           0x20004798        0x0 build\openmote-cc2538_armgcc\drivers\libdrivers.a(openserial.o)
 .bss           0x20004798        0x0 build\openmote-cc2538_armgcc\drivers\libdrivers.a(opentimers.o)
 .bss           0x20004798        0x0 build\openmote-cc2538_armgcc\drivers\libdrivers.a(openhdlc.o)
 .bss           0x20004798        0x0 build\openmote-cc2538_armgcc\bsp\boards\libbsp.a(board.o)
 .bss           0x20004798       0x10 build\openmote-cc2538_armgcc\bsp\boards\libbsp.a(cryptoengine.o)
 .bss           0x200047a8        0x0 build\openmote-cc2538_armgcc\bsp\boards\libbsp.a(debugpins.o)
 .bss           0x200047a8        0x0 build\openmote-cc2538_armgcc\bsp\boards\libbsp.a(eui64.o)
 .bss           0x200047a8        0x0 build\openmote-cc2538_armgcc\bsp\boards\libbsp.a(i2c.o)
 .bss           0x200047a8        0x0 build\openmote-cc2538_armgcc\bsp\boards\libbsp.a(leds.o)
 .bss           0x200047a8        0x0 build\openmote-cc2538_armgcc\bsp\boards\libbsp.a(pwm.o)
 .bss           0x200047a8        0x0 build\openmote-cc2538_armgcc\bsp\boards\libbsp.a(radio.o)
 .bss           0x200047a8        0x0 build\openmote-cc2538_armgcc\bsp\boards\libbsp.a(sctimer.o)
 .bss           0x200047a8        0x0 build\openmote-cc2538_armgcc\bsp\boards\libbsp.a(sensors.o)
 .bss           0x200047a8      0x800 build\openmote-cc2538_armgcc\bsp\boards\libbsp.a(startup_gcc.o)
 .bss           0x20004fa8        0x0 build\openmote-cc2538_armgcc\bsp\boards\libbsp.a(uart.o)
 .bss           0x20004fa8       0x14 build\openmote-cc2538_armgcc\bsp\boards\libbsp.a(aes.o)
                0x20004fa8                g_ui8CurrentAESOp
 .bss           0x20004fbc        0x0 build\openmote-cc2538_armgcc\bsp\boards\libbsp.a(ccm.o)
 .bss           0x20004fbc        0x0 build\openmote-cc2538_armgcc\bsp\boards\libbsp.a(flash.o)
 .bss           0x20004fbc        0x0 build\openmote-cc2538_armgcc\bsp\boards\libbsp.a(gpio.o)
 .bss           0x20004fbc        0x0 build\openmote-cc2538_armgcc\bsp\boards\libbsp.a(gptimer.o)
 .bss           0x20004fbc        0x0 build\openmote-cc2538_armgcc\bsp\boards\libbsp.a(i2c_lib.o)
 .bss           0x20004fbc        0x0 build\openmote-cc2538_armgcc\bsp\boards\libbsp.a(interrupt.o)
 .bss           0x20004fbc        0x0 build\openmote-cc2538_armgcc\bsp\boards\libbsp.a(ioc.o)
 .bss           0x20004fbc        0x0 build\openmote-cc2538_armgcc\bsp\boards\libbsp.a(sleepmode.o)
 .bss           0x20004fbc        0x0 build\openmote-cc2538_armgcc\bsp\boards\libbsp.a(sys_ctrl.o)
 .bss           0x20004fbc        0x0 build\openmote-cc2538_armgcc\bsp\boards\libbsp.a(uarthal.o)
 .bss           0x20004fbc        0x0 build\openmote-cc2538_armgcc\bsp\boards\libbsp.a(adxl346.o)
 .bss           0x20004fbc        0x0 build\openmote-cc2538_armgcc\bsp\boards\libbsp.a(max44009.o)
 .bss           0x20004fbc        0x1 build\openmote-cc2538_armgcc\bsp\boards\libbsp.a(sht21.o)
 .bss           0x20004fbd        0x0 build\openmote-cc2538_armgcc\bsp\boards\libbsp.a(adc_sensor.o)
 .bss           0x20004fbd        0x0 build\openmote-cc2538_armgcc\bsp\boards\libbsp.a(adc.o)
 .bss           0x20004fbd        0x0 build\openmote-cc2538_armgcc\bsp\boards\libbsp.a(cpu.o)
 .bss           0x20004fbd        0x0 c:/program files (x86)/gnu tools arm embedded/7 2018-q2-update/bin/../lib/gcc/arm-none-eabi/7.3.1/thumb/v7-m\libgcc.a(_arm_addsubdf3.o)
 .bss           0x20004fbd        0x0 c:/program files (x86)/gnu tools arm embedded/7 2018-q2-update/bin/../lib/gcc/arm-none-eabi/7.3.1/thumb/v7-m\libgcc.a(_arm_muldivdf3.o)
 .bss           0x20004fbd        0x0 c:/program files (x86)/gnu tools arm embedded/7 2018-q2-update/bin/../lib/gcc/arm-none-eabi/7.3.1/thumb/v7-m\libgcc.a(_arm_truncdfsf2.o)
 .bss           0x20004fbd        0x0 c:/program files (x86)/gnu tools arm embedded/7 2018-q2-update/bin/../lib/gcc/arm-none-eabi/7.3.1/thumb/v7-m\libgcc.a(_arm_addsubsf3.o)
 .bss           0x20004fbd        0x0 c:/program files (x86)/gnu tools arm embedded/7 2018-q2-update/bin/../lib/gcc/arm-none-eabi/7.3.1/thumb/v7-m\libgcc.a(_arm_muldivsf3.o)
 .bss           0x20004fbd        0x0 c:/program files (x86)/gnu tools arm embedded/7 2018-q2-update/bin/../lib/gcc/arm-none-eabi/7.3.1/../../../../arm-none-eabi/lib/thumb/v7-m\libg.a(lib_a-memcmp.o)
 .bss           0x20004fbd        0x0 c:/program files (x86)/gnu tools arm embedded/7 2018-q2-update/bin/../lib/gcc/arm-none-eabi/7.3.1/../../../../arm-none-eabi/lib/thumb/v7-m\libg.a(lib_a-memcpy.o)
 .bss           0x20004fbd        0x0 c:/program files (x86)/gnu tools arm embedded/7 2018-q2-update/bin/../lib/gcc/arm-none-eabi/7.3.1/../../../../arm-none-eabi/lib/thumb/v7-m\libg.a(lib_a-memset.o)
 *(COMMON)
 *fill*         0x20004fbd        0x3 
 COMMON         0x20004fc0      0x1d4 build\openmote-cc2538_armgcc\openstack\libopenstack.a(IEEE802154E.o)
                0x20004fc0                ieee154e_vars
                0x20005174                ieee154e_stats
                0x20005184                ieee154e_dbg
 COMMON         0x20005194       0x24 build\openmote-cc2538_armgcc\openstack\libopenstack.a(IEEE802154_security.o)
                0x20005194                ieee802154_security_vars
 COMMON         0x200051b8        0xa build\openmote-cc2538_armgcc\openstack\libopenstack.a(msf.o)
                0x200051b8                msf_vars
 *fill*         0x200051c2        0x2 
 COMMON         0x200051c4      0x304 build\openmote-cc2538_armgcc\openstack\libopenstack.a(schedule.o)
                0x200051c4                schedule_vars
 COMMON         0x200054c8       0x50 build\openmote-cc2538_armgcc\openstack\libopenstack.a(sixtop.o)
                0x200054c8                sixtop_vars
 COMMON         0x20005518       0x16 build\openmote-cc2538_armgcc\openstack\libopenstack.a(icmpv6echo.o)
                0x20005518                icmpv6echo_vars
 *fill*         0x2000552e        0x2 
 COMMON         0x20005530       0x9c build\openmote-cc2538_armgcc\openstack\libopenstack.a(icmpv6rpl.o)
                0x20005530                icmpv6rpl_vars
 COMMON         0x200055cc        0x4 build\openmote-cc2538_armgcc\openstack\libopenstack.a(openudp.o)
                0x200055cc                openudp_vars
 COMMON         0x200055d0       0x5b build\openmote-cc2538_armgcc\openstack\libopenstack.a(idmanager.o)
                0x200055d0                idmanager_vars
 *fill*         0x2000562b        0x1 
 COMMON         0x2000562c      0xcf8 build\openmote-cc2538_armgcc\openstack\libopenstack.a(openqueue.o)
                0x2000562c                openqueue_vars
 COMMON         0x20006324        0x2 build\openmote-cc2538_armgcc\openstack\libopenstack.a(openrandom.o)
                0x20006324                random_vars
 *fill*         0x20006326        0x2 
 COMMON         0x20006328       0x40 build\openmote-cc2538_armgcc\openapps\libopenapps.a(opencoap.o)
                0x20006328                opencoap_vars
 COMMON         0x20006368       0x1c build\openmote-cc2538_armgcc\openapps\libopenapps.a(chang.o)
                0x20006368                chang_vars
 COMMON         0x20006384        0x1 build\openmote-cc2538_armgcc\openapps\libopenapps.a(openoscoap.o)
                0x20006384                openoscoap_vars
 *fill*         0x20006385        0x3 
 COMMON         0x20006388       0x82 build\openmote-cc2538_armgcc\kernel\openos\libkernel.a(scheduler.o)
                0x20006388                scheduler_vars
                0x20006408                scheduler_dbg
 *fill*         0x2000640a        0x2 
 COMMON         0x2000640c      0x4e4 build\openmote-cc2538_armgcc\drivers\libdrivers.a(openserial.o)
                0x2000640c                openserial_vars
 COMMON         0x200068f0      0x1b4 build\openmote-cc2538_armgcc\drivers\libdrivers.a(opentimers.o)
                0x200068f0                opentimers_vars
 COMMON         0x20006aa4        0x1 build\openmote-cc2538_armgcc\bsp\boards\libbsp.a(board.o)
                0x20006aa4                user_button_initialized
 *fill*         0x20006aa5        0x3 
 COMMON         0x20006aa8        0x1 build\openmote-cc2538_armgcc\bsp\boards\libbsp.a(pwm.o)
                0x20006aa8                pwm_vars
 *fill*         0x20006aa9        0x3 
 COMMON         0x20006aac        0xc build\openmote-cc2538_armgcc\bsp\boards\libbsp.a(radio.o)
                0x20006aac                radio_vars
 COMMON         0x20006ab8        0x4 build\openmote-cc2538_armgcc\bsp\boards\libbsp.a(sctimer.o)
                0x20006ab8                sctimer_vars
 COMMON         0x20006abc        0x9 build\openmote-cc2538_armgcc\bsp\boards\libbsp.a(sensors.o)
                0x20006abc                sensors_vars
 *fill*         0x20006ac5        0x3 
 COMMON         0x20006ac8        0xc build\openmote-cc2538_armgcc\bsp\boards\libbsp.a(uart.o)
                0x20006ac8                uart_vars
                0x20006ad4                _ebss = .

.flashcca       0x0023ffd4        0xc
 *(.flashcca)
 .flashcca      0x0023ffd4        0xc build\openmote-cc2538_armgcc\bsp\boards\libbsp.a(startup_gcc.o)
                0x0023ffd4                __cca
OUTPUT(build\openmote-cc2538_armgcc\projects\common\03oos_openwsn_prog.exe elf32-littlearm)

.rel.dyn        0x0023ffe0        0x0
 .rel.iplt      0x0023ffe0        0x0 build\openmote-cc2538_armgcc\projects\common\03oos_openwsn\03oos_openwsn.o

.debug_info     0x00000000    0x33e61
 .debug_info    0x00000000      0x979 build\openmote-cc2538_armgcc\projects\common\03oos_openwsn\03oos_openwsn.o
 .debug_info    0x00000979      0xd1e build\openmote-cc2538_armgcc\openstack\libopenstack.a(openstack.o)
 .debug_info    0x00001697     0x24c2 build\openmote-cc2538_armgcc\openstack\libopenstack.a(IEEE802154E.o)
 .debug_info    0x00003b59     0x1234 build\openmote-cc2538_armgcc\openstack\libopenstack.a(IEEE802154_security.o)
 .debug_info    0x00004d8d     0x1916 build\openmote-cc2538_armgcc\openstack\libopenstack.a(neighbors.o)
 .debug_info    0x000066a3     0x122a build\openmote-cc2538_armgcc\openstack\libopenstack.a(msf.o)
 .debug_info    0x000078cd     0x196b build\openmote-cc2538_armgcc\openstack\libopenstack.a(schedule.o)
 .debug_info    0x00009238     0x1f1c build\openmote-cc2538_armgcc\openstack\libopenstack.a(sixtop.o)
 .debug_info    0x0000b154     0x1e88 build\openmote-cc2538_armgcc\openstack\libopenstack.a(iphc.o)
 .debug_info    0x0000cfdc     0x11ff build\openmote-cc2538_armgcc\openstack\libopenstack.a(openbridge.o)
 .debug_info    0x0000e1db     0x1a9e build\openmote-cc2538_armgcc\openstack\libopenstack.a(forwarding.o)
 .debug_info    0x0000fc79     0x122a build\openmote-cc2538_armgcc\openstack\libopenstack.a(icmpv6.o)
 .debug_info    0x00010ea3     0x12f5 build\openmote-cc2538_armgcc\openstack\libopenstack.a(icmpv6echo.o)
 .debug_info    0x00012198     0x1bbd build\openmote-cc2538_armgcc\openstack\libopenstack.a(icmpv6rpl.o)
 .debug_info    0x00013d55     0x14b7 build\openmote-cc2538_armgcc\openstack\libopenstack.a(openudp.o)
 .debug_info    0x0001520c     0x11c1 build\openmote-cc2538_armgcc\openstack\libopenstack.a(idmanager.o)
 .debug_info    0x000163cd     0x16f3 build\openmote-cc2538_armgcc\openstack\libopenstack.a(openqueue.o)
 .debug_info    0x00017ac0      0xaa8 build\openmote-cc2538_armgcc\openstack\libopenstack.a(openrandom.o)
 .debug_info    0x00018568     0x1771 build\openmote-cc2538_armgcc\openstack\libopenstack.a(packetfunctions.o)
 .debug_info    0x00019cd9     0x1589 build\openmote-cc2538_armgcc\openstack\libopenstack.a(IEEE802154.o)
 .debug_info    0x0001b262      0xb7b build\openmote-cc2538_armgcc\openstack\libopenstack.a(topology.o)
 .debug_info    0x0001bddd      0x9df build\openmote-cc2538_armgcc\openapps\libopenapps.a(openapps_dyn.o)
 .debug_info    0x0001c7bc     0x20b5 build\openmote-cc2538_armgcc\openapps\libopenapps.a(opencoap.o)
 .debug_info    0x0001e871     0x14e6 build\openmote-cc2538_armgcc\openapps\libopenapps.a(chang.o)
 .debug_info    0x0001fd57     0x1d88 build\openmote-cc2538_armgcc\openapps\libopenapps.a(openoscoap.o)
 .debug_info    0x00021adf     0x10c5 build\openmote-cc2538_armgcc\openapps\libopenapps.a(hkdf.o)
 .debug_info    0x00022ba4      0x687 build\openmote-cc2538_armgcc\openapps\libopenapps.a(hmac.o)
 .debug_info    0x0002322b      0xb12 build\openmote-cc2538_armgcc\openapps\libopenapps.a(cborencoder.o)
 .debug_info    0x00023d3d      0x575 build\openmote-cc2538_armgcc\openapps\libopenapps.a(usha.o)
 .debug_info    0x000242b2      0x660 build\openmote-cc2538_armgcc\openapps\libopenapps.a(sha224-256.o)
 .debug_info    0x00024912      0xb53 build\openmote-cc2538_armgcc\kernel\openos\libkernel.a(scheduler.o)
 .debug_info    0x00025465     0x1a04 build\openmote-cc2538_armgcc\drivers\libdrivers.a(openserial.o)
 .debug_info    0x00026e69      0xe18 build\openmote-cc2538_armgcc\drivers\libdrivers.a(opentimers.o)
 .debug_info    0x00027c81      0x9d7 build\openmote-cc2538_armgcc\drivers\libdrivers.a(openhdlc.o)
 .debug_info    0x00028658      0xb6b build\openmote-cc2538_armgcc\bsp\boards\libbsp.a(board.o)
 .debug_info    0x000291c3      0xbf2 build\openmote-cc2538_armgcc\bsp\boards\libbsp.a(cryptoengine.o)
 .debug_info    0x00029db5      0xb36 build\openmote-cc2538_armgcc\bsp\boards\libbsp.a(debugpins.o)
 .debug_info    0x0002a8eb      0x8e7 build\openmote-cc2538_armgcc\bsp\boards\libbsp.a(eui64.o)
 .debug_info    0x0002b1d2      0x1f5 build\openmote-cc2538_armgcc\bsp\boards\libbsp.a(i2c.o)
 .debug_info    0x0002b3c7      0xc22 build\openmote-cc2538_armgcc\bsp\boards\libbsp.a(leds.o)
 .debug_info    0x0002bfe9      0x9a2 build\openmote-cc2538_armgcc\bsp\boards\libbsp.a(pwm.o)
 .debug_info    0x0002c98b      0xd39 build\openmote-cc2538_armgcc\bsp\boards\libbsp.a(radio.o)
 .debug_info    0x0002d6c4      0xa29 build\openmote-cc2538_armgcc\bsp\boards\libbsp.a(sctimer.o)
 .debug_info    0x0002e0ed      0xaa5 build\openmote-cc2538_armgcc\bsp\boards\libbsp.a(sensors.o)
 .debug_info    0x0002eb92      0x1d5 build\openmote-cc2538_armgcc\bsp\boards\libbsp.a(startup_gcc.o)
 .debug_info    0x0002ed67      0xb4a build\openmote-cc2538_armgcc\bsp\boards\libbsp.a(uart.o)
 .debug_info    0x0002f8b1      0x1ea build\openmote-cc2538_armgcc\bsp\boards\libbsp.a(aes.o)
 .debug_info    0x0002fa9b      0x421 build\openmote-cc2538_armgcc\bsp\boards\libbsp.a(ccm.o)
 .debug_info    0x0002febc      0x4e8 build\openmote-cc2538_armgcc\bsp\boards\libbsp.a(flash.o)
 .debug_info    0x000303a4      0x781 build\openmote-cc2538_armgcc\bsp\boards\libbsp.a(gpio.o)
 .debug_info    0x00030b25      0x629 build\openmote-cc2538_armgcc\bsp\boards\libbsp.a(gptimer.o)
 .debug_info    0x0003114e      0x42d build\openmote-cc2538_armgcc\bsp\boards\libbsp.a(i2c_lib.o)
 .debug_info    0x0003157b      0x417 build\openmote-cc2538_armgcc\bsp\boards\libbsp.a(interrupt.o)
 .debug_info    0x00031992      0x2b0 build\openmote-cc2538_armgcc\bsp\boards\libbsp.a(ioc.o)